Archive member included to satisfy reference by file (symbol)

c:/program files (x86)/atmel/studio/7.0/toolchain/avr8/avr8-gnu-toolchain/bin/../lib/gcc/avr/5.4.0/../../../../avr/lib/avr5\libm.a(addsf3.o)
                              MCAL/TIMER/Timer_Prog.o (__subsf3)
c:/program files (x86)/atmel/studio/7.0/toolchain/avr8/avr8-gnu-toolchain/bin/../lib/gcc/avr/5.4.0/../../../../avr/lib/avr5\libm.a(addsf3x.o)
                              c:/program files (x86)/atmel/studio/7.0/toolchain/avr8/avr8-gnu-toolchain/bin/../lib/gcc/avr/5.4.0/../../../../avr/lib/avr5\libm.a(addsf3.o) (__addsf3x)
c:/program files (x86)/atmel/studio/7.0/toolchain/avr8/avr8-gnu-toolchain/bin/../lib/gcc/avr/5.4.0/../../../../avr/lib/avr5\libm.a(divsf3.o)
                              MCAL/TIMER/Timer_Prog.o (__divsf3)
c:/program files (x86)/atmel/studio/7.0/toolchain/avr8/avr8-gnu-toolchain/bin/../lib/gcc/avr/5.4.0/../../../../avr/lib/avr5\libm.a(divsf3x.o)
                              c:/program files (x86)/atmel/studio/7.0/toolchain/avr8/avr8-gnu-toolchain/bin/../lib/gcc/avr/5.4.0/../../../../avr/lib/avr5\libm.a(divsf3.o) (__divsf3x)
c:/program files (x86)/atmel/studio/7.0/toolchain/avr8/avr8-gnu-toolchain/bin/../lib/gcc/avr/5.4.0/../../../../avr/lib/avr5\libm.a(fixunssfsi.o)
                              MCAL/TIMER/Timer_Prog.o (__fixunssfsi)
c:/program files (x86)/atmel/studio/7.0/toolchain/avr8/avr8-gnu-toolchain/bin/../lib/gcc/avr/5.4.0/../../../../avr/lib/avr5\libm.a(floatsisf.o)
                              MCAL/TIMER/Timer_Prog.o (__floatunsisf)
c:/program files (x86)/atmel/studio/7.0/toolchain/avr8/avr8-gnu-toolchain/bin/../lib/gcc/avr/5.4.0/../../../../avr/lib/avr5\libm.a(fp_inf.o)
                              c:/program files (x86)/atmel/studio/7.0/toolchain/avr8/avr8-gnu-toolchain/bin/../lib/gcc/avr/5.4.0/../../../../avr/lib/avr5\libm.a(addsf3x.o) (__fp_inf)
c:/program files (x86)/atmel/studio/7.0/toolchain/avr8/avr8-gnu-toolchain/bin/../lib/gcc/avr/5.4.0/../../../../avr/lib/avr5\libm.a(fp_nan.o)
                              c:/program files (x86)/atmel/studio/7.0/toolchain/avr8/avr8-gnu-toolchain/bin/../lib/gcc/avr/5.4.0/../../../../avr/lib/avr5\libm.a(addsf3x.o) (__fp_nan)
c:/program files (x86)/atmel/studio/7.0/toolchain/avr8/avr8-gnu-toolchain/bin/../lib/gcc/avr/5.4.0/../../../../avr/lib/avr5\libm.a(fp_pscA.o)
                              c:/program files (x86)/atmel/studio/7.0/toolchain/avr8/avr8-gnu-toolchain/bin/../lib/gcc/avr/5.4.0/../../../../avr/lib/avr5\libm.a(addsf3x.o) (__fp_pscA)
c:/program files (x86)/atmel/studio/7.0/toolchain/avr8/avr8-gnu-toolchain/bin/../lib/gcc/avr/5.4.0/../../../../avr/lib/avr5\libm.a(fp_pscB.o)
                              c:/program files (x86)/atmel/studio/7.0/toolchain/avr8/avr8-gnu-toolchain/bin/../lib/gcc/avr/5.4.0/../../../../avr/lib/avr5\libm.a(addsf3x.o) (__fp_pscB)
c:/program files (x86)/atmel/studio/7.0/toolchain/avr8/avr8-gnu-toolchain/bin/../lib/gcc/avr/5.4.0/../../../../avr/lib/avr5\libm.a(fp_round.o)
                              c:/program files (x86)/atmel/studio/7.0/toolchain/avr8/avr8-gnu-toolchain/bin/../lib/gcc/avr/5.4.0/../../../../avr/lib/avr5\libm.a(addsf3.o) (__fp_round)
c:/program files (x86)/atmel/studio/7.0/toolchain/avr8/avr8-gnu-toolchain/bin/../lib/gcc/avr/5.4.0/../../../../avr/lib/avr5\libm.a(fp_split3.o)
                              c:/program files (x86)/atmel/studio/7.0/toolchain/avr8/avr8-gnu-toolchain/bin/../lib/gcc/avr/5.4.0/../../../../avr/lib/avr5\libm.a(addsf3x.o) (__fp_split3)
c:/program files (x86)/atmel/studio/7.0/toolchain/avr8/avr8-gnu-toolchain/bin/../lib/gcc/avr/5.4.0/../../../../avr/lib/avr5\libm.a(fp_zero.o)
                              c:/program files (x86)/atmel/studio/7.0/toolchain/avr8/avr8-gnu-toolchain/bin/../lib/gcc/avr/5.4.0/../../../../avr/lib/avr5\libm.a(addsf3x.o) (__fp_zero)
c:/program files (x86)/atmel/studio/7.0/toolchain/avr8/avr8-gnu-toolchain/bin/../lib/gcc/avr/5.4.0/../../../../avr/lib/avr5\libm.a(mulsf3.o)
                              MCAL/TIMER/Timer_Prog.o (__mulsf3)
c:/program files (x86)/atmel/studio/7.0/toolchain/avr8/avr8-gnu-toolchain/bin/../lib/gcc/avr/5.4.0/../../../../avr/lib/avr5\libm.a(mulsf3x.o)
                              c:/program files (x86)/atmel/studio/7.0/toolchain/avr8/avr8-gnu-toolchain/bin/../lib/gcc/avr/5.4.0/../../../../avr/lib/avr5\libm.a(mulsf3.o) (__mulsf3x)
c:/program files (x86)/atmel/studio/7.0/toolchain/avr8/avr8-gnu-toolchain/bin/../lib/gcc/avr/5.4.0/avr5\libgcc.a(_divmodhi4.o)
                              APP/DASHBOARD_SYS_CLK_SETUP/DASHBOARD_System_Clock_Prog.o (__divmodhi4)
c:/program files (x86)/atmel/studio/7.0/toolchain/avr8/avr8-gnu-toolchain/bin/../lib/gcc/avr/5.4.0/avr5\libgcc.a(_divmodsi4.o)
                              HAL/LCD/LCD_Prog.o (__divmodsi4)
c:/program files (x86)/atmel/studio/7.0/toolchain/avr8/avr8-gnu-toolchain/bin/../lib/gcc/avr/5.4.0/avr5\libgcc.a(_negsi2.o)
                              c:/program files (x86)/atmel/studio/7.0/toolchain/avr8/avr8-gnu-toolchain/bin/../lib/gcc/avr/5.4.0/avr5\libgcc.a(_divmodsi4.o) (__negsi2)
c:/program files (x86)/atmel/studio/7.0/toolchain/avr8/avr8-gnu-toolchain/bin/../lib/gcc/avr/5.4.0/avr5\libgcc.a(_exit.o)
                              C:/Program Files (x86)/Atmel/Studio/7.0/Packs/atmel/ATmega_DFP/1.7.374/gcc/dev/atmega32/avr5/crtatmega32.o (exit)
c:/program files (x86)/atmel/studio/7.0/toolchain/avr8/avr8-gnu-toolchain/bin/../lib/gcc/avr/5.4.0/avr5\libgcc.a(_tablejump2.o)
                              APP/main.o (__tablejump2__)
c:/program files (x86)/atmel/studio/7.0/toolchain/avr8/avr8-gnu-toolchain/bin/../lib/gcc/avr/5.4.0/avr5\libgcc.a(_copy_data.o)
                              APP/DASHBOARD_SYS_CLK_SETUP/DASHBOARD_System_Clock_Prog.o (__do_copy_data)
c:/program files (x86)/atmel/studio/7.0/toolchain/avr8/avr8-gnu-toolchain/bin/../lib/gcc/avr/5.4.0/avr5\libgcc.a(_clear_bss.o)
                              APP/CCS_SETUP/CSS.o (__do_clear_bss)
c:/program files (x86)/atmel/studio/7.0/toolchain/avr8/avr8-gnu-toolchain/bin/../lib/gcc/avr/5.4.0/avr5\libgcc.a(_muluhisi3.o)
                              MCAL/TIMER/Timer_Prog.o (__muluhisi3)
c:/program files (x86)/atmel/studio/7.0/toolchain/avr8/avr8-gnu-toolchain/bin/../lib/gcc/avr/5.4.0/avr5\libgcc.a(_udivmodhi4.o)
                              c:/program files (x86)/atmel/studio/7.0/toolchain/avr8/avr8-gnu-toolchain/bin/../lib/gcc/avr/5.4.0/avr5\libgcc.a(_divmodhi4.o) (__udivmodhi4)
c:/program files (x86)/atmel/studio/7.0/toolchain/avr8/avr8-gnu-toolchain/bin/../lib/gcc/avr/5.4.0/avr5\libgcc.a(_udivmodsi4.o)
                              c:/program files (x86)/atmel/studio/7.0/toolchain/avr8/avr8-gnu-toolchain/bin/../lib/gcc/avr/5.4.0/avr5\libgcc.a(_divmodsi4.o) (__udivmodsi4)
c:/program files (x86)/atmel/studio/7.0/toolchain/avr8/avr8-gnu-toolchain/bin/../lib/gcc/avr/5.4.0/avr5\libgcc.a(_umulhisi3.o)
                              c:/program files (x86)/atmel/studio/7.0/toolchain/avr8/avr8-gnu-toolchain/bin/../lib/gcc/avr/5.4.0/avr5\libgcc.a(_muluhisi3.o) (__umulhisi3)

Allocating common symbols
Common symbol       size              file

ExtInt1_CallBack    0x2               MCAL/EXTINT/EXTINT_Prog.o
ExtInt2_CallBack    0x2               MCAL/EXTINT/EXTINT_Prog.o
Timer_CallBack      0x2               MCAL/TIMER/Timer_Prog.o
ExtInt0_CallBack    0x2               MCAL/EXTINT/EXTINT_Prog.o

Discarded input sections

 .data          0x00000000        0x0 C:/Program Files (x86)/Atmel/Studio/7.0/Packs/atmel/ATmega_DFP/1.7.374/gcc/dev/atmega32/avr5/crtatmega32.o
 .bss           0x00000000        0x0 C:/Program Files (x86)/Atmel/Studio/7.0/Packs/atmel/ATmega_DFP/1.7.374/gcc/dev/atmega32/avr5/crtatmega32.o
 .text          0x00000000        0x0 APP/CCS_SETUP/CSS.o
 .data          0x00000000        0x0 APP/CCS_SETUP/CSS.o
 .bss           0x00000000        0x0 APP/CCS_SETUP/CSS.o
 .text          0x00000000        0x0 APP/DASHBOARD_SYS_CLK_SETUP/DASHBOARD_System_Clock_Prog.o
 .data          0x00000000        0x0 APP/DASHBOARD_SYS_CLK_SETUP/DASHBOARD_System_Clock_Prog.o
 .bss           0x00000000        0x0 APP/DASHBOARD_SYS_CLK_SETUP/DASHBOARD_System_Clock_Prog.o
 .text          0x00000000        0x0 APP/DASH_BOARD_DISPLAY_SETUP/APP_LCD.o
 .data          0x00000000        0x0 APP/DASH_BOARD_DISPLAY_SETUP/APP_LCD.o
 .bss           0x00000000        0x0 APP/DASH_BOARD_DISPLAY_SETUP/APP_LCD.o
 .text.APP_Void_UpdateDmState
                0x00000000       0x1a APP/DASH_BOARD_DISPLAY_SETUP/APP_LCD.o
 .text          0x00000000        0x0 APP/DIVER_MON_SYS_SETUP/DRIV_MONITORING.o
 .data          0x00000000        0x0 APP/DIVER_MON_SYS_SETUP/DRIV_MONITORING.o
 .bss           0x00000000        0x0 APP/DIVER_MON_SYS_SETUP/DRIV_MONITORING.o
 .text.APP_Void_DrivMonitoringUpdateFlag
                0x00000000       0x1a APP/DIVER_MON_SYS_SETUP/DRIV_MONITORING.o
 .text          0x00000000        0x0 APP/LOAD_TO_EEPROM/APP_SAVE_TO_EEPROM.o
 .data          0x00000000        0x0 APP/LOAD_TO_EEPROM/APP_SAVE_TO_EEPROM.o
 .bss           0x00000000        0x0 APP/LOAD_TO_EEPROM/APP_SAVE_TO_EEPROM.o
 .text          0x00000000        0x0 APP/main.o
 .data          0x00000000        0x0 APP/main.o
 .bss           0x00000000        0x0 APP/main.o
 .text          0x00000000        0x0 APP/SL_SYS_SETUP/SL.o
 .data          0x00000000        0x0 APP/SL_SYS_SETUP/SL.o
 .bss           0x00000000        0x0 APP/SL_SYS_SETUP/SL.o
 .text.Speed_Limiter_Alarm_function
                0x00000000        0x6 APP/SL_SYS_SETUP/SL.o
 .text          0x00000000        0x0 HAL/BUZZER/Buzzer_Prog.o
 .data          0x00000000        0x0 HAL/BUZZER/Buzzer_Prog.o
 .bss           0x00000000        0x0 HAL/BUZZER/Buzzer_Prog.o
 .text.H_Buzzer_Void_BuzzerOn
                0x00000000        0xa HAL/BUZZER/Buzzer_Prog.o
 .text.H_Buzzer_Void_BuzzerOff
                0x00000000        0xa HAL/BUZZER/Buzzer_Prog.o
 .text.H_Buzzer_Void_BuzzerTog
                0x00000000        0x8 HAL/BUZZER/Buzzer_Prog.o
 .text          0x00000000        0x0 HAL/KEYPAD/Keypad_Prog.o
 .data          0x00000000        0x0 HAL/KEYPAD/Keypad_Prog.o
 .bss           0x00000000        0x0 HAL/KEYPAD/Keypad_Prog.o
 .text          0x00000000        0x0 HAL/LCD/LCD_Prog.o
 .data          0x00000000        0x0 HAL/LCD/LCD_Prog.o
 .bss           0x00000000        0x0 HAL/LCD/LCD_Prog.o
 .text          0x00000000        0x0 HAL/LED/LED_Prog.o
 .data          0x00000000        0x0 HAL/LED/LED_Prog.o
 .bss           0x00000000        0x0 HAL/LED/LED_Prog.o
 .text.H_LED_Void_LedBlink
                0x00000000       0xa6 HAL/LED/LED_Prog.o
 .text.H_LED_Void_LedTog
                0x00000000       0x36 HAL/LED/LED_Prog.o
 .text          0x00000000        0x0 HAL/PUSH_PUTTON/PushButton_Prog.o
 .data          0x00000000        0x0 HAL/PUSH_PUTTON/PushButton_Prog.o
 .bss           0x00000000        0x0 HAL/PUSH_PUTTON/PushButton_Prog.o
 .text.H_PushButton_U8_PushButtonRead
                0x00000000       0xc4 HAL/PUSH_PUTTON/PushButton_Prog.o
 .text          0x00000000        0x0 HAL/RELAY/Relay.o
 .data          0x00000000        0x0 HAL/RELAY/Relay.o
 .bss           0x00000000        0x0 HAL/RELAY/Relay.o
 .text          0x00000000        0x0 MCAL/ADC/ADC_Prog.o
 .data          0x00000000        0x0 MCAL/ADC/ADC_Prog.o
 .bss           0x00000000        0x0 MCAL/ADC/ADC_Prog.o
 .text          0x00000000        0x0 MCAL/DIO/DIO_Prog.o
 .data          0x00000000        0x0 MCAL/DIO/DIO_Prog.o
 .bss           0x00000000        0x0 MCAL/DIO/DIO_Prog.o
 .text.M_DIO_Void_SetPinPullUpRes
                0x00000000      0x112 MCAL/DIO/DIO_Prog.o
 .text          0x00000000        0x0 MCAL/EEPROM/EPPROM.o
 .data          0x00000000        0x0 MCAL/EEPROM/EPPROM.o
 .bss           0x00000000        0x0 MCAL/EEPROM/EPPROM.o
 .text          0x00000000        0x0 MCAL/EXTINT/EXTINT_Prog.o
 .data          0x00000000        0x0 MCAL/EXTINT/EXTINT_Prog.o
 .bss           0x00000000        0x0 MCAL/EXTINT/EXTINT_Prog.o
 .text          0x00000000        0x0 MCAL/TIMER/Timer_Prog.o
 .data          0x00000000        0x0 MCAL/TIMER/Timer_Prog.o
 .bss           0x00000000        0x0 MCAL/TIMER/Timer_Prog.o
 .text.M_Timer_Void_TimerStop
                0x00000000       0x32 MCAL/TIMER/Timer_Prog.o
 .text.M_Timer_Void_PWMInit
                0x00000000       0x56 MCAL/TIMER/Timer_Prog.o
 .text.M_Timer_Void_PWMSetDutyCycle
                0x00000000       0x4e MCAL/TIMER/Timer_Prog.o
 .text.M_Timer_Void_PWMStart
                0x00000000        0x6 MCAL/TIMER/Timer_Prog.o
 .text.M_Timer_Void_PWMStop
                0x00000000        0x6 MCAL/TIMER/Timer_Prog.o
 .bss.Timer_U32_NumOfCM
                0x00000000        0x4 MCAL/TIMER/Timer_Prog.o
 .text          0x00000000        0x0 c:/program files (x86)/atmel/studio/7.0/toolchain/avr8/avr8-gnu-toolchain/bin/../lib/gcc/avr/5.4.0/../../../../avr/lib/avr5\libm.a(addsf3.o)
 .data          0x00000000        0x0 c:/program files (x86)/atmel/studio/7.0/toolchain/avr8/avr8-gnu-toolchain/bin/../lib/gcc/avr/5.4.0/../../../../avr/lib/avr5\libm.a(addsf3.o)
 .bss           0x00000000        0x0 c:/program files (x86)/atmel/studio/7.0/toolchain/avr8/avr8-gnu-toolchain/bin/../lib/gcc/avr/5.4.0/../../../../avr/lib/avr5\libm.a(addsf3.o)
 .text.avr-libc.fplib
                0x00000000        0xe c:/program files (x86)/atmel/studio/7.0/toolchain/avr8/avr8-gnu-toolchain/bin/../lib/gcc/avr/5.4.0/../../../../avr/lib/avr5\libm.a(addsf3.o)
 .text          0x00000000        0x0 c:/program files (x86)/atmel/studio/7.0/toolchain/avr8/avr8-gnu-toolchain/bin/../lib/gcc/avr/5.4.0/../../../../avr/lib/avr5\libm.a(addsf3x.o)
 .data          0x00000000        0x0 c:/program files (x86)/atmel/studio/7.0/toolchain/avr8/avr8-gnu-toolchain/bin/../lib/gcc/avr/5.4.0/../../../../avr/lib/avr5\libm.a(addsf3x.o)
 .bss           0x00000000        0x0 c:/program files (x86)/atmel/studio/7.0/toolchain/avr8/avr8-gnu-toolchain/bin/../lib/gcc/avr/5.4.0/../../../../avr/lib/avr5\libm.a(addsf3x.o)
 .text.avr-libc.fplib
                0x00000000       0xcc c:/program files (x86)/atmel/studio/7.0/toolchain/avr8/avr8-gnu-toolchain/bin/../lib/gcc/avr/5.4.0/../../../../avr/lib/avr5\libm.a(addsf3x.o)
 .text          0x00000000        0x0 c:/program files (x86)/atmel/studio/7.0/toolchain/avr8/avr8-gnu-toolchain/bin/../lib/gcc/avr/5.4.0/../../../../avr/lib/avr5\libm.a(divsf3.o)
 .data          0x00000000        0x0 c:/program files (x86)/atmel/studio/7.0/toolchain/avr8/avr8-gnu-toolchain/bin/../lib/gcc/avr/5.4.0/../../../../avr/lib/avr5\libm.a(divsf3.o)
 .bss           0x00000000        0x0 c:/program files (x86)/atmel/studio/7.0/toolchain/avr8/avr8-gnu-toolchain/bin/../lib/gcc/avr/5.4.0/../../../../avr/lib/avr5\libm.a(divsf3.o)
 .text.avr-libc.fplib
                0x00000000        0x8 c:/program files (x86)/atmel/studio/7.0/toolchain/avr8/avr8-gnu-toolchain/bin/../lib/gcc/avr/5.4.0/../../../../avr/lib/avr5\libm.a(divsf3.o)
 .text          0x00000000        0x0 c:/program files (x86)/atmel/studio/7.0/toolchain/avr8/avr8-gnu-toolchain/bin/../lib/gcc/avr/5.4.0/../../../../avr/lib/avr5\libm.a(divsf3x.o)
 .data          0x00000000        0x0 c:/program files (x86)/atmel/studio/7.0/toolchain/avr8/avr8-gnu-toolchain/bin/../lib/gcc/avr/5.4.0/../../../../avr/lib/avr5\libm.a(divsf3x.o)
 .bss           0x00000000        0x0 c:/program files (x86)/atmel/studio/7.0/toolchain/avr8/avr8-gnu-toolchain/bin/../lib/gcc/avr/5.4.0/../../../../avr/lib/avr5\libm.a(divsf3x.o)
 .text.avr-libc.fplib
                0x00000000       0xdc c:/program files (x86)/atmel/studio/7.0/toolchain/avr8/avr8-gnu-toolchain/bin/../lib/gcc/avr/5.4.0/../../../../avr/lib/avr5\libm.a(divsf3x.o)
 .text          0x00000000        0x0 c:/program files (x86)/atmel/studio/7.0/toolchain/avr8/avr8-gnu-toolchain/bin/../lib/gcc/avr/5.4.0/../../../../avr/lib/avr5\libm.a(fixunssfsi.o)
 .data          0x00000000        0x0 c:/program files (x86)/atmel/studio/7.0/toolchain/avr8/avr8-gnu-toolchain/bin/../lib/gcc/avr/5.4.0/../../../../avr/lib/avr5\libm.a(fixunssfsi.o)
 .bss           0x00000000        0x0 c:/program files (x86)/atmel/studio/7.0/toolchain/avr8/avr8-gnu-toolchain/bin/../lib/gcc/avr/5.4.0/../../../../avr/lib/avr5\libm.a(fixunssfsi.o)
 .text.avr-libc.fplib
                0x00000000       0x5e c:/program files (x86)/atmel/studio/7.0/toolchain/avr8/avr8-gnu-toolchain/bin/../lib/gcc/avr/5.4.0/../../../../avr/lib/avr5\libm.a(fixunssfsi.o)
 .text          0x00000000        0x0 c:/program files (x86)/atmel/studio/7.0/toolchain/avr8/avr8-gnu-toolchain/bin/../lib/gcc/avr/5.4.0/../../../../avr/lib/avr5\libm.a(floatsisf.o)
 .data          0x00000000        0x0 c:/program files (x86)/atmel/studio/7.0/toolchain/avr8/avr8-gnu-toolchain/bin/../lib/gcc/avr/5.4.0/../../../../avr/lib/avr5\libm.a(floatsisf.o)
 .bss           0x00000000        0x0 c:/program files (x86)/atmel/studio/7.0/toolchain/avr8/avr8-gnu-toolchain/bin/../lib/gcc/avr/5.4.0/../../../../avr/lib/avr5\libm.a(floatsisf.o)
 .text.avr-libc.fplib
                0x00000000       0x7a c:/program files (x86)/atmel/studio/7.0/toolchain/avr8/avr8-gnu-toolchain/bin/../lib/gcc/avr/5.4.0/../../../../avr/lib/avr5\libm.a(floatsisf.o)
 .text          0x00000000        0x0 c:/program files (x86)/atmel/studio/7.0/toolchain/avr8/avr8-gnu-toolchain/bin/../lib/gcc/avr/5.4.0/../../../../avr/lib/avr5\libm.a(fp_inf.o)
 .data          0x00000000        0x0 c:/program files (x86)/atmel/studio/7.0/toolchain/avr8/avr8-gnu-toolchain/bin/../lib/gcc/avr/5.4.0/../../../../avr/lib/avr5\libm.a(fp_inf.o)
 .bss           0x00000000        0x0 c:/program files (x86)/atmel/studio/7.0/toolchain/avr8/avr8-gnu-toolchain/bin/../lib/gcc/avr/5.4.0/../../../../avr/lib/avr5\libm.a(fp_inf.o)
 .text.avr-libc.fplib
                0x00000000        0xc c:/program files (x86)/atmel/studio/7.0/toolchain/avr8/avr8-gnu-toolchain/bin/../lib/gcc/avr/5.4.0/../../../../avr/lib/avr5\libm.a(fp_inf.o)
 .text          0x00000000        0x0 c:/program files (x86)/atmel/studio/7.0/toolchain/avr8/avr8-gnu-toolchain/bin/../lib/gcc/avr/5.4.0/../../../../avr/lib/avr5\libm.a(fp_nan.o)
 .data          0x00000000        0x0 c:/program files (x86)/atmel/studio/7.0/toolchain/avr8/avr8-gnu-toolchain/bin/../lib/gcc/avr/5.4.0/../../../../avr/lib/avr5\libm.a(fp_nan.o)
 .bss           0x00000000        0x0 c:/program files (x86)/atmel/studio/7.0/toolchain/avr8/avr8-gnu-toolchain/bin/../lib/gcc/avr/5.4.0/../../../../avr/lib/avr5\libm.a(fp_nan.o)
 .text.avr-libc.fplib
                0x00000000        0x6 c:/program files (x86)/atmel/studio/7.0/toolchain/avr8/avr8-gnu-toolchain/bin/../lib/gcc/avr/5.4.0/../../../../avr/lib/avr5\libm.a(fp_nan.o)
 .text          0x00000000        0x0 c:/program files (x86)/atmel/studio/7.0/toolchain/avr8/avr8-gnu-toolchain/bin/../lib/gcc/avr/5.4.0/../../../../avr/lib/avr5\libm.a(fp_pscA.o)
 .data          0x00000000        0x0 c:/program files (x86)/atmel/studio/7.0/toolchain/avr8/avr8-gnu-toolchain/bin/../lib/gcc/avr/5.4.0/../../../../avr/lib/avr5\libm.a(fp_pscA.o)
 .bss           0x00000000        0x0 c:/program files (x86)/atmel/studio/7.0/toolchain/avr8/avr8-gnu-toolchain/bin/../lib/gcc/avr/5.4.0/../../../../avr/lib/avr5\libm.a(fp_pscA.o)
 .text.avr-libc.fplib
                0x00000000        0xe c:/program files (x86)/atmel/studio/7.0/toolchain/avr8/avr8-gnu-toolchain/bin/../lib/gcc/avr/5.4.0/../../../../avr/lib/avr5\libm.a(fp_pscA.o)
 .text          0x00000000        0x0 c:/program files (x86)/atmel/studio/7.0/toolchain/avr8/avr8-gnu-toolchain/bin/../lib/gcc/avr/5.4.0/../../../../avr/lib/avr5\libm.a(fp_pscB.o)
 .data          0x00000000        0x0 c:/program files (x86)/atmel/studio/7.0/toolchain/avr8/avr8-gnu-toolchain/bin/../lib/gcc/avr/5.4.0/../../../../avr/lib/avr5\libm.a(fp_pscB.o)
 .bss           0x00000000        0x0 c:/program files (x86)/atmel/studio/7.0/toolchain/avr8/avr8-gnu-toolchain/bin/../lib/gcc/avr/5.4.0/../../../../avr/lib/avr5\libm.a(fp_pscB.o)
 .text.avr-libc.fplib
                0x00000000        0xe c:/program files (x86)/atmel/studio/7.0/toolchain/avr8/avr8-gnu-toolchain/bin/../lib/gcc/avr/5.4.0/../../../../avr/lib/avr5\libm.a(fp_pscB.o)
 .text          0x00000000        0x0 c:/program files (x86)/atmel/studio/7.0/toolchain/avr8/avr8-gnu-toolchain/bin/../lib/gcc/avr/5.4.0/../../../../avr/lib/avr5\libm.a(fp_round.o)
 .data          0x00000000        0x0 c:/program files (x86)/atmel/studio/7.0/toolchain/avr8/avr8-gnu-toolchain/bin/../lib/gcc/avr/5.4.0/../../../../avr/lib/avr5\libm.a(fp_round.o)
 .bss           0x00000000        0x0 c:/program files (x86)/atmel/studio/7.0/toolchain/avr8/avr8-gnu-toolchain/bin/../lib/gcc/avr/5.4.0/../../../../avr/lib/avr5\libm.a(fp_round.o)
 .text.avr-libc.fplib
                0x00000000       0x22 c:/program files (x86)/atmel/studio/7.0/toolchain/avr8/avr8-gnu-toolchain/bin/../lib/gcc/avr/5.4.0/../../../../avr/lib/avr5\libm.a(fp_round.o)
 .text          0x00000000        0x0 c:/program files (x86)/atmel/studio/7.0/toolchain/avr8/avr8-gnu-toolchain/bin/../lib/gcc/avr/5.4.0/../../../../avr/lib/avr5\libm.a(fp_split3.o)
 .data          0x00000000        0x0 c:/program files (x86)/atmel/studio/7.0/toolchain/avr8/avr8-gnu-toolchain/bin/../lib/gcc/avr/5.4.0/../../../../avr/lib/avr5\libm.a(fp_split3.o)
 .bss           0x00000000        0x0 c:/program files (x86)/atmel/studio/7.0/toolchain/avr8/avr8-gnu-toolchain/bin/../lib/gcc/avr/5.4.0/../../../../avr/lib/avr5\libm.a(fp_split3.o)
 .text.avr-libc.fplib
                0x00000000       0x44 c:/program files (x86)/atmel/studio/7.0/toolchain/avr8/avr8-gnu-toolchain/bin/../lib/gcc/avr/5.4.0/../../../../avr/lib/avr5\libm.a(fp_split3.o)
 .text          0x00000000        0x0 c:/program files (x86)/atmel/studio/7.0/toolchain/avr8/avr8-gnu-toolchain/bin/../lib/gcc/avr/5.4.0/../../../../avr/lib/avr5\libm.a(fp_zero.o)
 .data          0x00000000        0x0 c:/program files (x86)/atmel/studio/7.0/toolchain/avr8/avr8-gnu-toolchain/bin/../lib/gcc/avr/5.4.0/../../../../avr/lib/avr5\libm.a(fp_zero.o)
 .bss           0x00000000        0x0 c:/program files (x86)/atmel/studio/7.0/toolchain/avr8/avr8-gnu-toolchain/bin/../lib/gcc/avr/5.4.0/../../../../avr/lib/avr5\libm.a(fp_zero.o)
 .text.avr-libc.fplib
                0x00000000        0xe c:/program files (x86)/atmel/studio/7.0/toolchain/avr8/avr8-gnu-toolchain/bin/../lib/gcc/avr/5.4.0/../../../../avr/lib/avr5\libm.a(fp_zero.o)
 .text          0x00000000        0x0 c:/program files (x86)/atmel/studio/7.0/toolchain/avr8/avr8-gnu-toolchain/bin/../lib/gcc/avr/5.4.0/../../../../avr/lib/avr5\libm.a(mulsf3.o)
 .data          0x00000000        0x0 c:/program files (x86)/atmel/studio/7.0/toolchain/avr8/avr8-gnu-toolchain/bin/../lib/gcc/avr/5.4.0/../../../../avr/lib/avr5\libm.a(mulsf3.o)
 .bss           0x00000000        0x0 c:/program files (x86)/atmel/studio/7.0/toolchain/avr8/avr8-gnu-toolchain/bin/../lib/gcc/avr/5.4.0/../../../../avr/lib/avr5\libm.a(mulsf3.o)
 .text.avr-libc.fplib
                0x00000000        0x8 c:/program files (x86)/atmel/studio/7.0/toolchain/avr8/avr8-gnu-toolchain/bin/../lib/gcc/avr/5.4.0/../../../../avr/lib/avr5\libm.a(mulsf3.o)
 .text          0x00000000        0x0 c:/program files (x86)/atmel/studio/7.0/toolchain/avr8/avr8-gnu-toolchain/bin/../lib/gcc/avr/5.4.0/../../../../avr/lib/avr5\libm.a(mulsf3x.o)
 .data          0x00000000        0x0 c:/program files (x86)/atmel/studio/7.0/toolchain/avr8/avr8-gnu-toolchain/bin/../lib/gcc/avr/5.4.0/../../../../avr/lib/avr5\libm.a(mulsf3x.o)
 .bss           0x00000000        0x0 c:/program files (x86)/atmel/studio/7.0/toolchain/avr8/avr8-gnu-toolchain/bin/../lib/gcc/avr/5.4.0/../../../../avr/lib/avr5\libm.a(mulsf3x.o)
 .text.avr-libc.fplib
                0x00000000       0xd2 c:/program files (x86)/atmel/studio/7.0/toolchain/avr8/avr8-gnu-toolchain/bin/../lib/gcc/avr/5.4.0/../../../../avr/lib/avr5\libm.a(mulsf3x.o)
 .text          0x00000000        0x0 c:/program files (x86)/atmel/studio/7.0/toolchain/avr8/avr8-gnu-toolchain/bin/../lib/gcc/avr/5.4.0/avr5\libgcc.a(_divmodhi4.o)
 .data          0x00000000        0x0 c:/program files (x86)/atmel/studio/7.0/toolchain/avr8/avr8-gnu-toolchain/bin/../lib/gcc/avr/5.4.0/avr5\libgcc.a(_divmodhi4.o)
 .bss           0x00000000        0x0 c:/program files (x86)/atmel/studio/7.0/toolchain/avr8/avr8-gnu-toolchain/bin/../lib/gcc/avr/5.4.0/avr5\libgcc.a(_divmodhi4.o)
 .text.libgcc.mul
                0x00000000        0x0 c:/program files (x86)/atmel/studio/7.0/toolchain/avr8/avr8-gnu-toolchain/bin/../lib/gcc/avr/5.4.0/avr5\libgcc.a(_divmodhi4.o)
 .text.libgcc   0x00000000        0x0 c:/program files (x86)/atmel/studio/7.0/toolchain/avr8/avr8-gnu-toolchain/bin/../lib/gcc/avr/5.4.0/avr5\libgcc.a(_divmodhi4.o)
 .text.libgcc.prologue
                0x00000000        0x0 c:/program files (x86)/atmel/studio/7.0/toolchain/avr8/avr8-gnu-toolchain/bin/../lib/gcc/avr/5.4.0/avr5\libgcc.a(_divmodhi4.o)
 .text.libgcc.builtins
                0x00000000        0x0 c:/program files (x86)/atmel/studio/7.0/toolchain/avr8/avr8-gnu-toolchain/bin/../lib/gcc/avr/5.4.0/avr5\libgcc.a(_divmodhi4.o)
 .text.libgcc.fmul
                0x00000000        0x0 c:/program files (x86)/atmel/studio/7.0/toolchain/avr8/avr8-gnu-toolchain/bin/../lib/gcc/avr/5.4.0/avr5\libgcc.a(_divmodhi4.o)
 .text.libgcc.fixed
                0x00000000        0x0 c:/program files (x86)/atmel/studio/7.0/toolchain/avr8/avr8-gnu-toolchain/bin/../lib/gcc/avr/5.4.0/avr5\libgcc.a(_divmodhi4.o)
 .text          0x00000000        0x0 c:/program files (x86)/atmel/studio/7.0/toolchain/avr8/avr8-gnu-toolchain/bin/../lib/gcc/avr/5.4.0/avr5\libgcc.a(_divmodsi4.o)
 .data          0x00000000        0x0 c:/program files (x86)/atmel/studio/7.0/toolchain/avr8/avr8-gnu-toolchain/bin/../lib/gcc/avr/5.4.0/avr5\libgcc.a(_divmodsi4.o)
 .bss           0x00000000        0x0 c:/program files (x86)/atmel/studio/7.0/toolchain/avr8/avr8-gnu-toolchain/bin/../lib/gcc/avr/5.4.0/avr5\libgcc.a(_divmodsi4.o)
 .text.libgcc.mul
                0x00000000        0x0 c:/program files (x86)/atmel/studio/7.0/toolchain/avr8/avr8-gnu-toolchain/bin/../lib/gcc/avr/5.4.0/avr5\libgcc.a(_divmodsi4.o)
 .text.libgcc   0x00000000        0x0 c:/program files (x86)/atmel/studio/7.0/toolchain/avr8/avr8-gnu-toolchain/bin/../lib/gcc/avr/5.4.0/avr5\libgcc.a(_divmodsi4.o)
 .text.libgcc.prologue
                0x00000000        0x0 c:/program files (x86)/atmel/studio/7.0/toolchain/avr8/avr8-gnu-toolchain/bin/../lib/gcc/avr/5.4.0/avr5\libgcc.a(_divmodsi4.o)
 .text.libgcc.builtins
                0x00000000        0x0 c:/program files (x86)/atmel/studio/7.0/toolchain/avr8/avr8-gnu-toolchain/bin/../lib/gcc/avr/5.4.0/avr5\libgcc.a(_divmodsi4.o)
 .text.libgcc.fmul
                0x00000000        0x0 c:/program files (x86)/atmel/studio/7.0/toolchain/avr8/avr8-gnu-toolchain/bin/../lib/gcc/avr/5.4.0/avr5\libgcc.a(_divmodsi4.o)
 .text.libgcc.fixed
                0x00000000        0x0 c:/program files (x86)/atmel/studio/7.0/toolchain/avr8/avr8-gnu-toolchain/bin/../lib/gcc/avr/5.4.0/avr5\libgcc.a(_divmodsi4.o)
 .text          0x00000000        0x0 c:/program files (x86)/atmel/studio/7.0/toolchain/avr8/avr8-gnu-toolchain/bin/../lib/gcc/avr/5.4.0/avr5\libgcc.a(_negsi2.o)
 .data          0x00000000        0x0 c:/program files (x86)/atmel/studio/7.0/toolchain/avr8/avr8-gnu-toolchain/bin/../lib/gcc/avr/5.4.0/avr5\libgcc.a(_negsi2.o)
 .bss           0x00000000        0x0 c:/program files (x86)/atmel/studio/7.0/toolchain/avr8/avr8-gnu-toolchain/bin/../lib/gcc/avr/5.4.0/avr5\libgcc.a(_negsi2.o)
 .text.libgcc.mul
                0x00000000        0x0 c:/program files (x86)/atmel/studio/7.0/toolchain/avr8/avr8-gnu-toolchain/bin/../lib/gcc/avr/5.4.0/avr5\libgcc.a(_negsi2.o)
 .text.libgcc   0x00000000        0x0 c:/program files (x86)/atmel/studio/7.0/toolchain/avr8/avr8-gnu-toolchain/bin/../lib/gcc/avr/5.4.0/avr5\libgcc.a(_negsi2.o)
 .text.libgcc.prologue
                0x00000000        0x0 c:/program files (x86)/atmel/studio/7.0/toolchain/avr8/avr8-gnu-toolchain/bin/../lib/gcc/avr/5.4.0/avr5\libgcc.a(_negsi2.o)
 .text.libgcc.builtins
                0x00000000        0x0 c:/program files (x86)/atmel/studio/7.0/toolchain/avr8/avr8-gnu-toolchain/bin/../lib/gcc/avr/5.4.0/avr5\libgcc.a(_negsi2.o)
 .text.libgcc.fmul
                0x00000000        0x0 c:/program files (x86)/atmel/studio/7.0/toolchain/avr8/avr8-gnu-toolchain/bin/../lib/gcc/avr/5.4.0/avr5\libgcc.a(_negsi2.o)
 .text.libgcc.fixed
                0x00000000        0x0 c:/program files (x86)/atmel/studio/7.0/toolchain/avr8/avr8-gnu-toolchain/bin/../lib/gcc/avr/5.4.0/avr5\libgcc.a(_negsi2.o)
 .text          0x00000000        0x0 c:/program files (x86)/atmel/studio/7.0/toolchain/avr8/avr8-gnu-toolchain/bin/../lib/gcc/avr/5.4.0/avr5\libgcc.a(_exit.o)
 .data          0x00000000        0x0 c:/program files (x86)/atmel/studio/7.0/toolchain/avr8/avr8-gnu-toolchain/bin/../lib/gcc/avr/5.4.0/avr5\libgcc.a(_exit.o)
 .bss           0x00000000        0x0 c:/program files (x86)/atmel/studio/7.0/toolchain/avr8/avr8-gnu-toolchain/bin/../lib/gcc/avr/5.4.0/avr5\libgcc.a(_exit.o)
 .text.libgcc.mul
                0x00000000        0x0 c:/program files (x86)/atmel/studio/7.0/toolchain/avr8/avr8-gnu-toolchain/bin/../lib/gcc/avr/5.4.0/avr5\libgcc.a(_exit.o)
 .text.libgcc.div
                0x00000000        0x0 c:/program files (x86)/atmel/studio/7.0/toolchain/avr8/avr8-gnu-toolchain/bin/../lib/gcc/avr/5.4.0/avr5\libgcc.a(_exit.o)
 .text.libgcc   0x00000000        0x0 c:/program files (x86)/atmel/studio/7.0/toolchain/avr8/avr8-gnu-toolchain/bin/../lib/gcc/avr/5.4.0/avr5\libgcc.a(_exit.o)
 .text.libgcc.prologue
                0x00000000        0x0 c:/program files (x86)/atmel/studio/7.0/toolchain/avr8/avr8-gnu-toolchain/bin/../lib/gcc/avr/5.4.0/avr5\libgcc.a(_exit.o)
 .text.libgcc.builtins
                0x00000000        0x0 c:/program files (x86)/atmel/studio/7.0/toolchain/avr8/avr8-gnu-toolchain/bin/../lib/gcc/avr/5.4.0/avr5\libgcc.a(_exit.o)
 .text.libgcc.fmul
                0x00000000        0x0 c:/program files (x86)/atmel/studio/7.0/toolchain/avr8/avr8-gnu-toolchain/bin/../lib/gcc/avr/5.4.0/avr5\libgcc.a(_exit.o)
 .text.libgcc.fixed
                0x00000000        0x0 c:/program files (x86)/atmel/studio/7.0/toolchain/avr8/avr8-gnu-toolchain/bin/../lib/gcc/avr/5.4.0/avr5\libgcc.a(_exit.o)
 .text          0x00000000        0x0 c:/program files (x86)/atmel/studio/7.0/toolchain/avr8/avr8-gnu-toolchain/bin/../lib/gcc/avr/5.4.0/avr5\libgcc.a(_tablejump2.o)
 .data          0x00000000        0x0 c:/program files (x86)/atmel/studio/7.0/toolchain/avr8/avr8-gnu-toolchain/bin/../lib/gcc/avr/5.4.0/avr5\libgcc.a(_tablejump2.o)
 .bss           0x00000000        0x0 c:/program files (x86)/atmel/studio/7.0/toolchain/avr8/avr8-gnu-toolchain/bin/../lib/gcc/avr/5.4.0/avr5\libgcc.a(_tablejump2.o)
 .text.libgcc.mul
                0x00000000        0x0 c:/program files (x86)/atmel/studio/7.0/toolchain/avr8/avr8-gnu-toolchain/bin/../lib/gcc/avr/5.4.0/avr5\libgcc.a(_tablejump2.o)
 .text.libgcc.div
                0x00000000        0x0 c:/program files (x86)/atmel/studio/7.0/toolchain/avr8/avr8-gnu-toolchain/bin/../lib/gcc/avr/5.4.0/avr5\libgcc.a(_tablejump2.o)
 .text.libgcc.prologue
                0x00000000        0x0 c:/program files (x86)/atmel/studio/7.0/toolchain/avr8/avr8-gnu-toolchain/bin/../lib/gcc/avr/5.4.0/avr5\libgcc.a(_tablejump2.o)
 .text.libgcc.builtins
                0x00000000        0x0 c:/program files (x86)/atmel/studio/7.0/toolchain/avr8/avr8-gnu-toolchain/bin/../lib/gcc/avr/5.4.0/avr5\libgcc.a(_tablejump2.o)
 .text.libgcc.fmul
                0x00000000        0x0 c:/program files (x86)/atmel/studio/7.0/toolchain/avr8/avr8-gnu-toolchain/bin/../lib/gcc/avr/5.4.0/avr5\libgcc.a(_tablejump2.o)
 .text.libgcc.fixed
                0x00000000        0x0 c:/program files (x86)/atmel/studio/7.0/toolchain/avr8/avr8-gnu-toolchain/bin/../lib/gcc/avr/5.4.0/avr5\libgcc.a(_tablejump2.o)
 .text          0x00000000        0x0 c:/program files (x86)/atmel/studio/7.0/toolchain/avr8/avr8-gnu-toolchain/bin/../lib/gcc/avr/5.4.0/avr5\libgcc.a(_copy_data.o)
 .data          0x00000000        0x0 c:/program files (x86)/atmel/studio/7.0/toolchain/avr8/avr8-gnu-toolchain/bin/../lib/gcc/avr/5.4.0/avr5\libgcc.a(_copy_data.o)
 .bss           0x00000000        0x0 c:/program files (x86)/atmel/studio/7.0/toolchain/avr8/avr8-gnu-toolchain/bin/../lib/gcc/avr/5.4.0/avr5\libgcc.a(_copy_data.o)
 .text.libgcc.mul
                0x00000000        0x0 c:/program files (x86)/atmel/studio/7.0/toolchain/avr8/avr8-gnu-toolchain/bin/../lib/gcc/avr/5.4.0/avr5\libgcc.a(_copy_data.o)
 .text.libgcc.div
                0x00000000        0x0 c:/program files (x86)/atmel/studio/7.0/toolchain/avr8/avr8-gnu-toolchain/bin/../lib/gcc/avr/5.4.0/avr5\libgcc.a(_copy_data.o)
 .text.libgcc   0x00000000        0x0 c:/program files (x86)/atmel/studio/7.0/toolchain/avr8/avr8-gnu-toolchain/bin/../lib/gcc/avr/5.4.0/avr5\libgcc.a(_copy_data.o)
 .text.libgcc.prologue
                0x00000000        0x0 c:/program files (x86)/atmel/studio/7.0/toolchain/avr8/avr8-gnu-toolchain/bin/../lib/gcc/avr/5.4.0/avr5\libgcc.a(_copy_data.o)
 .text.libgcc.builtins
                0x00000000        0x0 c:/program files (x86)/atmel/studio/7.0/toolchain/avr8/avr8-gnu-toolchain/bin/../lib/gcc/avr/5.4.0/avr5\libgcc.a(_copy_data.o)
 .text.libgcc.fmul
                0x00000000        0x0 c:/program files (x86)/atmel/studio/7.0/toolchain/avr8/avr8-gnu-toolchain/bin/../lib/gcc/avr/5.4.0/avr5\libgcc.a(_copy_data.o)
 .text.libgcc.fixed
                0x00000000        0x0 c:/program files (x86)/atmel/studio/7.0/toolchain/avr8/avr8-gnu-toolchain/bin/../lib/gcc/avr/5.4.0/avr5\libgcc.a(_copy_data.o)
 .text          0x00000000        0x0 c:/program files (x86)/atmel/studio/7.0/toolchain/avr8/avr8-gnu-toolchain/bin/../lib/gcc/avr/5.4.0/avr5\libgcc.a(_clear_bss.o)
 .data          0x00000000        0x0 c:/program files (x86)/atmel/studio/7.0/toolchain/avr8/avr8-gnu-toolchain/bin/../lib/gcc/avr/5.4.0/avr5\libgcc.a(_clear_bss.o)
 .bss           0x00000000        0x0 c:/program files (x86)/atmel/studio/7.0/toolchain/avr8/avr8-gnu-toolchain/bin/../lib/gcc/avr/5.4.0/avr5\libgcc.a(_clear_bss.o)
 .text.libgcc.mul
                0x00000000        0x0 c:/program files (x86)/atmel/studio/7.0/toolchain/avr8/avr8-gnu-toolchain/bin/../lib/gcc/avr/5.4.0/avr5\libgcc.a(_clear_bss.o)
 .text.libgcc.div
                0x00000000        0x0 c:/program files (x86)/atmel/studio/7.0/toolchain/avr8/avr8-gnu-toolchain/bin/../lib/gcc/avr/5.4.0/avr5\libgcc.a(_clear_bss.o)
 .text.libgcc   0x00000000        0x0 c:/program files (x86)/atmel/studio/7.0/toolchain/avr8/avr8-gnu-toolchain/bin/../lib/gcc/avr/5.4.0/avr5\libgcc.a(_clear_bss.o)
 .text.libgcc.prologue
                0x00000000        0x0 c:/program files (x86)/atmel/studio/7.0/toolchain/avr8/avr8-gnu-toolchain/bin/../lib/gcc/avr/5.4.0/avr5\libgcc.a(_clear_bss.o)
 .text.libgcc.builtins
                0x00000000        0x0 c:/program files (x86)/atmel/studio/7.0/toolchain/avr8/avr8-gnu-toolchain/bin/../lib/gcc/avr/5.4.0/avr5\libgcc.a(_clear_bss.o)
 .text.libgcc.fmul
                0x00000000        0x0 c:/program files (x86)/atmel/studio/7.0/toolchain/avr8/avr8-gnu-toolchain/bin/../lib/gcc/avr/5.4.0/avr5\libgcc.a(_clear_bss.o)
 .text.libgcc.fixed
                0x00000000        0x0 c:/program files (x86)/atmel/studio/7.0/toolchain/avr8/avr8-gnu-toolchain/bin/../lib/gcc/avr/5.4.0/avr5\libgcc.a(_clear_bss.o)
 .text          0x00000000        0x0 c:/program files (x86)/atmel/studio/7.0/toolchain/avr8/avr8-gnu-toolchain/bin/../lib/gcc/avr/5.4.0/avr5\libgcc.a(_muluhisi3.o)
 .data          0x00000000        0x0 c:/program files (x86)/atmel/studio/7.0/toolchain/avr8/avr8-gnu-toolchain/bin/../lib/gcc/avr/5.4.0/avr5\libgcc.a(_muluhisi3.o)
 .bss           0x00000000        0x0 c:/program files (x86)/atmel/studio/7.0/toolchain/avr8/avr8-gnu-toolchain/bin/../lib/gcc/avr/5.4.0/avr5\libgcc.a(_muluhisi3.o)
 .text.libgcc.div
                0x00000000        0x0 c:/program files (x86)/atmel/studio/7.0/toolchain/avr8/avr8-gnu-toolchain/bin/../lib/gcc/avr/5.4.0/avr5\libgcc.a(_muluhisi3.o)
 .text.libgcc   0x00000000        0x0 c:/program files (x86)/atmel/studio/7.0/toolchain/avr8/avr8-gnu-toolchain/bin/../lib/gcc/avr/5.4.0/avr5\libgcc.a(_muluhisi3.o)
 .text.libgcc.prologue
                0x00000000        0x0 c:/program files (x86)/atmel/studio/7.0/toolchain/avr8/avr8-gnu-toolchain/bin/../lib/gcc/avr/5.4.0/avr5\libgcc.a(_muluhisi3.o)
 .text.libgcc.builtins
                0x00000000        0x0 c:/program files (x86)/atmel/studio/7.0/toolchain/avr8/avr8-gnu-toolchain/bin/../lib/gcc/avr/5.4.0/avr5\libgcc.a(_muluhisi3.o)
 .text.libgcc.fmul
                0x00000000        0x0 c:/program files (x86)/atmel/studio/7.0/toolchain/avr8/avr8-gnu-toolchain/bin/../lib/gcc/avr/5.4.0/avr5\libgcc.a(_muluhisi3.o)
 .text.libgcc.fixed
                0x00000000        0x0 c:/program files (x86)/atmel/studio/7.0/toolchain/avr8/avr8-gnu-toolchain/bin/../lib/gcc/avr/5.4.0/avr5\libgcc.a(_muluhisi3.o)
 .text          0x00000000        0x0 c:/program files (x86)/atmel/studio/7.0/toolchain/avr8/avr8-gnu-toolchain/bin/../lib/gcc/avr/5.4.0/avr5\libgcc.a(_udivmodhi4.o)
 .data          0x00000000        0x0 c:/program files (x86)/atmel/studio/7.0/toolchain/avr8/avr8-gnu-toolchain/bin/../lib/gcc/avr/5.4.0/avr5\libgcc.a(_udivmodhi4.o)
 .bss           0x00000000        0x0 c:/program files (x86)/atmel/studio/7.0/toolchain/avr8/avr8-gnu-toolchain/bin/../lib/gcc/avr/5.4.0/avr5\libgcc.a(_udivmodhi4.o)
 .text.libgcc.mul
                0x00000000        0x0 c:/program files (x86)/atmel/studio/7.0/toolchain/avr8/avr8-gnu-toolchain/bin/../lib/gcc/avr/5.4.0/avr5\libgcc.a(_udivmodhi4.o)
 .text.libgcc   0x00000000        0x0 c:/program files (x86)/atmel/studio/7.0/toolchain/avr8/avr8-gnu-toolchain/bin/../lib/gcc/avr/5.4.0/avr5\libgcc.a(_udivmodhi4.o)
 .text.libgcc.prologue
                0x00000000        0x0 c:/program files (x86)/atmel/studio/7.0/toolchain/avr8/avr8-gnu-toolchain/bin/../lib/gcc/avr/5.4.0/avr5\libgcc.a(_udivmodhi4.o)
 .text.libgcc.builtins
                0x00000000        0x0 c:/program files (x86)/atmel/studio/7.0/toolchain/avr8/avr8-gnu-toolchain/bin/../lib/gcc/avr/5.4.0/avr5\libgcc.a(_udivmodhi4.o)
 .text.libgcc.fmul
                0x00000000        0x0 c:/program files (x86)/atmel/studio/7.0/toolchain/avr8/avr8-gnu-toolchain/bin/../lib/gcc/avr/5.4.0/avr5\libgcc.a(_udivmodhi4.o)
 .text.libgcc.fixed
                0x00000000        0x0 c:/program files (x86)/atmel/studio/7.0/toolchain/avr8/avr8-gnu-toolchain/bin/../lib/gcc/avr/5.4.0/avr5\libgcc.a(_udivmodhi4.o)
 .text          0x00000000        0x0 c:/program files (x86)/atmel/studio/7.0/toolchain/avr8/avr8-gnu-toolchain/bin/../lib/gcc/avr/5.4.0/avr5\libgcc.a(_udivmodsi4.o)
 .data          0x00000000        0x0 c:/program files (x86)/atmel/studio/7.0/toolchain/avr8/avr8-gnu-toolchain/bin/../lib/gcc/avr/5.4.0/avr5\libgcc.a(_udivmodsi4.o)
 .bss           0x00000000        0x0 c:/program files (x86)/atmel/studio/7.0/toolchain/avr8/avr8-gnu-toolchain/bin/../lib/gcc/avr/5.4.0/avr5\libgcc.a(_udivmodsi4.o)
 .text.libgcc.mul
                0x00000000        0x0 c:/program files (x86)/atmel/studio/7.0/toolchain/avr8/avr8-gnu-toolchain/bin/../lib/gcc/avr/5.4.0/avr5\libgcc.a(_udivmodsi4.o)
 .text.libgcc   0x00000000        0x0 c:/program files (x86)/atmel/studio/7.0/toolchain/avr8/avr8-gnu-toolchain/bin/../lib/gcc/avr/5.4.0/avr5\libgcc.a(_udivmodsi4.o)
 .text.libgcc.prologue
                0x00000000        0x0 c:/program files (x86)/atmel/studio/7.0/toolchain/avr8/avr8-gnu-toolchain/bin/../lib/gcc/avr/5.4.0/avr5\libgcc.a(_udivmodsi4.o)
 .text.libgcc.builtins
                0x00000000        0x0 c:/program files (x86)/atmel/studio/7.0/toolchain/avr8/avr8-gnu-toolchain/bin/../lib/gcc/avr/5.4.0/avr5\libgcc.a(_udivmodsi4.o)
 .text.libgcc.fmul
                0x00000000        0x0 c:/program files (x86)/atmel/studio/7.0/toolchain/avr8/avr8-gnu-toolchain/bin/../lib/gcc/avr/5.4.0/avr5\libgcc.a(_udivmodsi4.o)
 .text.libgcc.fixed
                0x00000000        0x0 c:/program files (x86)/atmel/studio/7.0/toolchain/avr8/avr8-gnu-toolchain/bin/../lib/gcc/avr/5.4.0/avr5\libgcc.a(_udivmodsi4.o)
 .text          0x00000000        0x0 c:/program files (x86)/atmel/studio/7.0/toolchain/avr8/avr8-gnu-toolchain/bin/../lib/gcc/avr/5.4.0/avr5\libgcc.a(_umulhisi3.o)
 .data          0x00000000        0x0 c:/program files (x86)/atmel/studio/7.0/toolchain/avr8/avr8-gnu-toolchain/bin/../lib/gcc/avr/5.4.0/avr5\libgcc.a(_umulhisi3.o)
 .bss           0x00000000        0x0 c:/program files (x86)/atmel/studio/7.0/toolchain/avr8/avr8-gnu-toolchain/bin/../lib/gcc/avr/5.4.0/avr5\libgcc.a(_umulhisi3.o)
 .text.libgcc.div
                0x00000000        0x0 c:/program files (x86)/atmel/studio/7.0/toolchain/avr8/avr8-gnu-toolchain/bin/../lib/gcc/avr/5.4.0/avr5\libgcc.a(_umulhisi3.o)
 .text.libgcc   0x00000000        0x0 c:/program files (x86)/atmel/studio/7.0/toolchain/avr8/avr8-gnu-toolchain/bin/../lib/gcc/avr/5.4.0/avr5\libgcc.a(_umulhisi3.o)
 .text.libgcc.prologue
                0x00000000        0x0 c:/program files (x86)/atmel/studio/7.0/toolchain/avr8/avr8-gnu-toolchain/bin/../lib/gcc/avr/5.4.0/avr5\libgcc.a(_umulhisi3.o)
 .text.libgcc.builtins
                0x00000000        0x0 c:/program files (x86)/atmel/studio/7.0/toolchain/avr8/avr8-gnu-toolchain/bin/../lib/gcc/avr/5.4.0/avr5\libgcc.a(_umulhisi3.o)
 .text.libgcc.fmul
                0x00000000        0x0 c:/program files (x86)/atmel/studio/7.0/toolchain/avr8/avr8-gnu-toolchain/bin/../lib/gcc/avr/5.4.0/avr5\libgcc.a(_umulhisi3.o)
 .text.libgcc.fixed
                0x00000000        0x0 c:/program files (x86)/atmel/studio/7.0/toolchain/avr8/avr8-gnu-toolchain/bin/../lib/gcc/avr/5.4.0/avr5\libgcc.a(_umulhisi3.o)

Memory Configuration

Name             Origin             Length             Attributes
text             0x00000000         0x00008000         xr
data             0x00800060         0x00000800         rw !x
eeprom           0x00810000         0x00000400         rw !x
fuse             0x00820000         0x00000002         rw !x
lock             0x00830000         0x00000400         rw !x
signature        0x00840000         0x00000400         rw !x
user_signatures  0x00850000         0x00000400         rw !x
*default*        0x00000000         0xffffffff

Linker script and memory map

LOAD C:/Program Files (x86)/Atmel/Studio/7.0/Packs/atmel/ATmega_DFP/1.7.374/gcc/dev/atmega32/avr5/crtatmega32.o
LOAD APP/CCS_SETUP/CSS.o
LOAD APP/DASHBOARD_SYS_CLK_SETUP/DASHBOARD_System_Clock_Prog.o
LOAD APP/DASH_BOARD_DISPLAY_SETUP/APP_LCD.o
LOAD APP/DIVER_MON_SYS_SETUP/DRIV_MONITORING.o
LOAD APP/LOAD_TO_EEPROM/APP_SAVE_TO_EEPROM.o
LOAD APP/main.o
LOAD APP/SL_SYS_SETUP/SL.o
LOAD HAL/BUZZER/Buzzer_Prog.o
LOAD HAL/KEYPAD/Keypad_Prog.o
LOAD HAL/LCD/LCD_Prog.o
LOAD HAL/LED/LED_Prog.o
LOAD HAL/PUSH_PUTTON/PushButton_Prog.o
LOAD HAL/RELAY/Relay.o
LOAD MCAL/ADC/ADC_Prog.o
LOAD MCAL/DIO/DIO_Prog.o
LOAD MCAL/EEPROM/EPPROM.o
LOAD MCAL/EXTINT/EXTINT_Prog.o
LOAD MCAL/TIMER/Timer_Prog.o
START GROUP
LOAD c:/program files (x86)/atmel/studio/7.0/toolchain/avr8/avr8-gnu-toolchain/bin/../lib/gcc/avr/5.4.0/../../../../avr/lib/avr5\libm.a
END GROUP
START GROUP
LOAD c:/program files (x86)/atmel/studio/7.0/toolchain/avr8/avr8-gnu-toolchain/bin/../lib/gcc/avr/5.4.0/avr5\libgcc.a
LOAD c:/program files (x86)/atmel/studio/7.0/toolchain/avr8/avr8-gnu-toolchain/bin/../lib/gcc/avr/5.4.0/../../../../avr/lib/avr5\libm.a
LOAD c:/program files (x86)/atmel/studio/7.0/toolchain/avr8/avr8-gnu-toolchain/bin/../lib/gcc/avr/5.4.0/../../../../avr/lib/avr5\libc.a
LOAD C:/Program Files (x86)/Atmel/Studio/7.0/Packs/atmel/ATmega_DFP/1.7.374/gcc/dev/atmega32/avr5\libatmega32.a
END GROUP
                0x00000000                __TEXT_REGION_ORIGIN__ = DEFINED (__TEXT_REGION_ORIGIN__)?__TEXT_REGION_ORIGIN__:0x0
                [0x00800060]                __DATA_REGION_ORIGIN__ = DEFINED (__DATA_REGION_ORIGIN__)?__DATA_REGION_ORIGIN__:0x800060
                [0x00008000]                __TEXT_REGION_LENGTH__ = DEFINED (__TEXT_REGION_LENGTH__)?__TEXT_REGION_LENGTH__:0x20000
                [0x00000800]                __DATA_REGION_LENGTH__ = DEFINED (__DATA_REGION_LENGTH__)?__DATA_REGION_LENGTH__:0xffa0
                [0x00000400]                __EEPROM_REGION_LENGTH__ = DEFINED (__EEPROM_REGION_LENGTH__)?__EEPROM_REGION_LENGTH__:0x10000
                [0x00000002]                __FUSE_REGION_LENGTH__ = DEFINED (__FUSE_REGION_LENGTH__)?__FUSE_REGION_LENGTH__:0x400
                0x00000400                __LOCK_REGION_LENGTH__ = DEFINED (__LOCK_REGION_LENGTH__)?__LOCK_REGION_LENGTH__:0x400
                0x00000400                __SIGNATURE_REGION_LENGTH__ = DEFINED (__SIGNATURE_REGION_LENGTH__)?__SIGNATURE_REGION_LENGTH__:0x400
                0x00000400                __USER_SIGNATURE_REGION_LENGTH__ = DEFINED (__USER_SIGNATURE_REGION_LENGTH__)?__USER_SIGNATURE_REGION_LENGTH__:0x400

.hash
 *(.hash)

.dynsym
 *(.dynsym)

.dynstr
 *(.dynstr)

.gnu.version
 *(.gnu.version)

.gnu.version_d
 *(.gnu.version_d)

.gnu.version_r
 *(.gnu.version_r)

.rel.init
 *(.rel.init)

.rela.init
 *(.rela.init)

.rel.text
 *(.rel.text)
 *(.rel.text.*)
 *(.rel.gnu.linkonce.t*)

.rela.text
 *(.rela.text)
 *(.rela.text.*)
 *(.rela.gnu.linkonce.t*)

.rel.fini
 *(.rel.fini)

.rela.fini
 *(.rela.fini)

.rel.rodata
 *(.rel.rodata)
 *(.rel.rodata.*)
 *(.rel.gnu.linkonce.r*)

.rela.rodata
 *(.rela.rodata)
 *(.rela.rodata.*)
 *(.rela.gnu.linkonce.r*)

.rel.data
 *(.rel.data)
 *(.rel.data.*)
 *(.rel.gnu.linkonce.d*)

.rela.data
 *(.rela.data)
 *(.rela.data.*)
 *(.rela.gnu.linkonce.d*)

.rel.ctors
 *(.rel.ctors)

.rela.ctors
 *(.rela.ctors)

.rel.dtors
 *(.rel.dtors)

.rela.dtors
 *(.rela.dtors)

.rel.got
 *(.rel.got)

.rela.got
 *(.rela.got)

.rel.bss
 *(.rel.bss)

.rela.bss
 *(.rela.bss)

.rel.plt
 *(.rel.plt)

.rela.plt
 *(.rela.plt)

.text           0x00000000     0x1c60
 *(.vectors)
 .vectors       0x00000000       0x54 C:/Program Files (x86)/Atmel/Studio/7.0/Packs/atmel/ATmega_DFP/1.7.374/gcc/dev/atmega32/avr5/crtatmega32.o
                0x00000000                __vector_default
                0x00000000                __vectors
 *(.vectors)
 *(.progmem.gcc*)
 .progmem.gcc_sw_table.main
                0x00000054       0x22 APP/main.o
                0x00000076                . = ALIGN (0x2)
                0x00000076                __trampolines_start = .
 *(.trampolines)
 .trampolines   0x00000076        0x0 linker stubs
 *(.trampolines*)
                0x00000076                __trampolines_end = .
 *libprintf_flt.a:*(.progmem.data)
 *libc.a:*(.progmem.data)
 *(.progmem*)
                0x00000076                . = ALIGN (0x2)
 *(.jumptables)
 *(.jumptables*)
 *(.lowtext)
 *(.lowtext*)
                0x00000076                __ctors_start = .
 *(.ctors)
                0x00000076                __ctors_end = .
                0x00000076                __dtors_start = .
 *(.dtors)
                0x00000076                __dtors_end = .
 SORT(*)(.ctors)
 SORT(*)(.dtors)
 *(.init0)
 .init0         0x00000076        0x0 C:/Program Files (x86)/Atmel/Studio/7.0/Packs/atmel/ATmega_DFP/1.7.374/gcc/dev/atmega32/avr5/crtatmega32.o
                0x00000076                __init
 *(.init0)
 *(.init1)
 *(.init1)
 *(.init2)
 .init2         0x00000076        0xc C:/Program Files (x86)/Atmel/Studio/7.0/Packs/atmel/ATmega_DFP/1.7.374/gcc/dev/atmega32/avr5/crtatmega32.o
 *(.init2)
 *(.init3)
 *(.init3)
 *(.init4)
 .init4         0x00000082       0x16 c:/program files (x86)/atmel/studio/7.0/toolchain/avr8/avr8-gnu-toolchain/bin/../lib/gcc/avr/5.4.0/avr5\libgcc.a(_copy_data.o)
                0x00000082                __do_copy_data
 .init4         0x00000098       0x10 c:/program files (x86)/atmel/studio/7.0/toolchain/avr8/avr8-gnu-toolchain/bin/../lib/gcc/avr/5.4.0/avr5\libgcc.a(_clear_bss.o)
                0x00000098                __do_clear_bss
 *(.init4)
 *(.init5)
 *(.init5)
 *(.init6)
 *(.init6)
 *(.init7)
 *(.init7)
 *(.init8)
 *(.init8)
 *(.init9)
 .init9         0x000000a8        0x8 C:/Program Files (x86)/Atmel/Studio/7.0/Packs/atmel/ATmega_DFP/1.7.374/gcc/dev/atmega32/avr5/crtatmega32.o
 *(.init9)
 *(.text)
 .text          0x000000b0        0x4 C:/Program Files (x86)/Atmel/Studio/7.0/Packs/atmel/ATmega_DFP/1.7.374/gcc/dev/atmega32/avr5/crtatmega32.o
                0x000000b0                __vector_12
                0x000000b0                __bad_interrupt
                0x000000b0                __vector_6
                0x000000b0                __vector_13
                0x000000b0                __vector_17
                0x000000b0                __vector_19
                0x000000b0                __vector_7
                0x000000b0                __vector_5
                0x000000b0                __vector_4
                0x000000b0                __vector_9
                0x000000b0                __vector_15
                0x000000b0                __vector_8
                0x000000b0                __vector_14
                0x000000b0                __vector_10
                0x000000b0                __vector_16
                0x000000b0                __vector_18
                0x000000b0                __vector_20
                0x000000b4                . = ALIGN (0x2)
 *(.text.*)
 .text.CCS_PRESSED_NOTIFICATION_BUZZER
                0x000000b4        0x6 APP/CCS_SETUP/CSS.o
                0x000000b4                CCS_PRESSED_NOTIFICATION_BUZZER
 .text.GEARBOX_PRESSED_NOTIFICATION_BUZZER
                0x000000ba        0x6 APP/CCS_SETUP/CSS.o
                0x000000ba                GEARBOX_PRESSED_NOTIFICATION_BUZZER
 .text.system_CCS_init
                0x000000c0       0x4e APP/CCS_SETUP/CSS.o
                0x000000c0                system_CCS_init
 .text.brake_serviceFun
                0x0000010e       0x22 APP/CCS_SETUP/CSS.o
                0x0000010e                brake_serviceFun
 .text.DASHBOARD_Update_System_Clock
                0x00000130       0x62 APP/DASHBOARD_SYS_CLK_SETUP/DASHBOARD_System_Clock_Prog.o
                0x00000130                DASHBOARD_Update_System_Clock
 .text.DASHBOARD_Update_Km
                0x00000192       0x9a APP/DASHBOARD_SYS_CLK_SETUP/DASHBOARD_System_Clock_Prog.o
                0x00000192                DASHBOARD_Update_Km
 .text.ADAS_SYSTEM_Timer_Handler
                0x0000022c       0x8c APP/DASHBOARD_SYS_CLK_SETUP/DASHBOARD_System_Clock_Prog.o
                0x0000022c                ADAS_SYSTEM_Timer_Handler
 .text.APP_U8_CurrentGearState
                0x000002b8       0x2e APP/DASH_BOARD_DISPLAY_SETUP/APP_LCD.o
                0x000002b8                APP_U8_CurrentGearState
 .text.APP_Void_UpdateCruiseState
                0x000002e6       0x30 APP/DASH_BOARD_DISPLAY_SETUP/APP_LCD.o
                0x000002e6                APP_Void_UpdateCruiseState
 .text.APP_U8_CurrentCruiseState
                0x00000316       0x1e APP/DASH_BOARD_DISPLAY_SETUP/APP_LCD.o
                0x00000316                APP_U8_CurrentCruiseState
 .text.APP_Void_UpdateBrakeAssistState
                0x00000334       0x1a APP/DASH_BOARD_DISPLAY_SETUP/APP_LCD.o
                0x00000334                APP_Void_UpdateBrakeAssistState
 .text.APP_U8_CurrentBrakeAssistState
                0x0000034e       0x1e APP/DASH_BOARD_DISPLAY_SETUP/APP_LCD.o
                0x0000034e                APP_U8_CurrentBrakeAssistState
 .text.APP_Void_UpdateSpeedLimitState
                0x0000036c       0x28 APP/DASH_BOARD_DISPLAY_SETUP/APP_LCD.o
                0x0000036c                APP_Void_UpdateSpeedLimitState
 .text.APP_U8_CurrentSpeedLimitState
                0x00000394       0x1e APP/DASH_BOARD_DISPLAY_SETUP/APP_LCD.o
                0x00000394                APP_U8_CurrentSpeedLimitState
 .text.APP_U8_CurrentDriverMonitoringState
                0x000003b2       0x1e APP/DASH_BOARD_DISPLAY_SETUP/APP_LCD.o
                0x000003b2                APP_U8_CurrentDriverMonitoringState
 .text.APP_Void_UpdateGearState
                0x000003d0       0xc0 APP/DASH_BOARD_DISPLAY_SETUP/APP_LCD.o
                0x000003d0                APP_Void_UpdateGearState
 .text.APP_Void_LcdScreen1
                0x00000490       0x56 APP/DASH_BOARD_DISPLAY_SETUP/APP_LCD.o
                0x00000490                APP_Void_LcdScreen1
 .text.APP_Void_LcdScreen2
                0x000004e6       0x96 APP/DASH_BOARD_DISPLAY_SETUP/APP_LCD.o
                0x000004e6                APP_Void_LcdScreen2
 .text.APP_Void_LcdScreen3
                0x0000057c       0x84 APP/DASH_BOARD_DISPLAY_SETUP/APP_LCD.o
                0x0000057c                APP_Void_LcdScreen3
 .text.APP_Void_LcdScreen4
                0x00000600      0x15a APP/DASH_BOARD_DISPLAY_SETUP/APP_LCD.o
                0x00000600                APP_Void_LcdScreen4
 .text.APP_Void_LcdScreenDisplay
                0x0000075a       0x4a APP/DASH_BOARD_DISPLAY_SETUP/APP_LCD.o
                0x0000075a                APP_Void_LcdScreenDisplay
 .text.APP_Void_UpdateLcdScreen
                0x000007a4       0xa4 APP/DASH_BOARD_DISPLAY_SETUP/APP_LCD.o
                0x000007a4                APP_Void_UpdateLcdScreen
 .text.APP_Void_UpdateCurrent_Speed
                0x00000848       0x28 APP/DASH_BOARD_DISPLAY_SETUP/APP_LCD.o
                0x00000848                APP_Void_UpdateCurrent_Speed
 .text.APP_Void_UpdateLCDCruiseState
                0x00000870       0x12 APP/DASH_BOARD_DISPLAY_SETUP/APP_LCD.o
                0x00000870                APP_Void_UpdateLCDCruiseState
 .text.APP_Void_UpdateLCDBrakeAssistState
                0x00000882       0x12 APP/DASH_BOARD_DISPLAY_SETUP/APP_LCD.o
                0x00000882                APP_Void_UpdateLCDBrakeAssistState
 .text.APP_Void_UpdateLCDScreen1SpeedLimitState
                0x00000894       0x12 APP/DASH_BOARD_DISPLAY_SETUP/APP_LCD.o
                0x00000894                APP_Void_UpdateLCDScreen1SpeedLimitState
 .text.APP_Void_UpdateLCDScreen2SpeedLimitState
                0x000008a6       0x12 APP/DASH_BOARD_DISPLAY_SETUP/APP_LCD.o
                0x000008a6                APP_Void_UpdateLCDScreen2SpeedLimitState
 .text.APP_Void_UpdateLCDSpeedLimit
                0x000008b8       0x36 APP/DASH_BOARD_DISPLAY_SETUP/APP_LCD.o
                0x000008b8                APP_Void_UpdateLCDSpeedLimit
 .text.APP_Void_LcdUpdateTime
                0x000008ee      0x116 APP/DASH_BOARD_DISPLAY_SETUP/APP_LCD.o
                0x000008ee                APP_Void_LcdUpdateTime
 .text.APP_Void_LcdScreenWarning
                0x00000a04       0x16 APP/DASH_BOARD_DISPLAY_SETUP/APP_LCD.o
                0x00000a04                APP_Void_LcdScreenWarning
 .text.APP_Void_SaveDistanceToEEPROM
                0x00000a1a       0x6c APP/LOAD_TO_EEPROM/APP_SAVE_TO_EEPROM.o
                0x00000a1a                APP_Void_SaveDistanceToEEPROM
 .text.APP_Void_ReadDistanceFromEEPROM
                0x00000a86       0xea APP/LOAD_TO_EEPROM/APP_SAVE_TO_EEPROM.o
                0x00000a86                APP_Void_ReadDistanceFromEEPROM
 .text.APP_Void_SaveClockToEEPROM
                0x00000b70       0x26 APP/LOAD_TO_EEPROM/APP_SAVE_TO_EEPROM.o
                0x00000b70                APP_Void_SaveClockToEEPROM
 .text.APP_Void_ReadClockFromEEPROM
                0x00000b96       0x26 APP/LOAD_TO_EEPROM/APP_SAVE_TO_EEPROM.o
                0x00000b96                APP_Void_ReadClockFromEEPROM
 .text.main     0x00000bbc      0x2da APP/main.o
                0x00000bbc                main
 .text.gas_serviceFun
                0x00000e96       0x20 APP/SL_SYS_SETUP/SL.o
                0x00000e96                gas_serviceFun
 .text.H_Buzzer_Void_BuzzerInit
                0x00000eb6        0xa HAL/BUZZER/Buzzer_Prog.o
                0x00000eb6                H_Buzzer_Void_BuzzerInit
 .text.H_Buzzer_Void_BuzzerOnce
                0x00000ec0       0x24 HAL/BUZZER/Buzzer_Prog.o
                0x00000ec0                H_Buzzer_Void_BuzzerOnce
 .text.H_Buzzer_Void_BuzzerTwice
                0x00000ee4       0x58 HAL/BUZZER/Buzzer_Prog.o
                0x00000ee4                H_Buzzer_Void_BuzzerTwice
 .text.H_KeyPad_Void_KeyPadInit
                0x00000f3c       0x52 HAL/KEYPAD/Keypad_Prog.o
                0x00000f3c                H_KeyPad_Void_KeyPadInit
 .text.H_KeyPad_U8_KeyPadRead
                0x00000f8e      0x10a HAL/KEYPAD/Keypad_Prog.o
                0x00000f8e                H_KeyPad_U8_KeyPadRead
 .text.H_Lcd_Void_LCDWriteCharacter
                0x00001098       0xc0 HAL/LCD/LCD_Prog.o
                0x00001098                H_Lcd_Void_LCDWriteCharacter
 .text.H_Lcd_Void_LCDWriteCommand
                0x00001158       0xc0 HAL/LCD/LCD_Prog.o
                0x00001158                H_Lcd_Void_LCDWriteCommand
 .text.H_Lcd_Void_LCDInit
                0x00001218       0x56 HAL/LCD/LCD_Prog.o
                0x00001218                H_Lcd_Void_LCDInit
 .text.H_Lcd_Void_LCDWriteString
                0x0000126e       0x26 HAL/LCD/LCD_Prog.o
                0x0000126e                H_Lcd_Void_LCDWriteString
 .text.H_Lcd_Void_LCDClear
                0x00001294        0x8 HAL/LCD/LCD_Prog.o
                0x00001294                H_Lcd_Void_LCDClear
 .text.H_Lcd_Void_LCDWriteNumber
                0x0000129c       0xbe HAL/LCD/LCD_Prog.o
                0x0000129c                H_Lcd_Void_LCDWriteNumber
 .text.H_Lcd_Void_LCDGoTo
                0x0000135a       0x3e HAL/LCD/LCD_Prog.o
                0x0000135a                H_Lcd_Void_LCDGoTo
 .text.H_LED_Void_LedInit
                0x00001398       0x3e HAL/LED/LED_Prog.o
                0x00001398                H_LED_Void_LedInit
 .text.H_LED_Void_LedOn
                0x000013d6       0x3e HAL/LED/LED_Prog.o
                0x000013d6                H_LED_Void_LedOn
 .text.H_LED_Void_LedOff
                0x00001414       0x3e HAL/LED/LED_Prog.o
                0x00001414                H_LED_Void_LedOff
 .text.H_PushButton_Void_PushButtonInit
                0x00001452       0x38 HAL/PUSH_PUTTON/PushButton_Prog.o
                0x00001452                H_PushButton_Void_PushButtonInit
 .text.H_relay_INIT
                0x0000148a        0xa HAL/RELAY/Relay.o
                0x0000148a                H_relay_INIT
 .text.H_relay_Tog
                0x00001494        0x8 HAL/RELAY/Relay.o
                0x00001494                H_relay_Tog
 .text.H_relay_OFF
                0x0000149c        0xa HAL/RELAY/Relay.o
                0x0000149c                H_relay_OFF
 .text.M_ADC_Void_ADCInit
                0x000014a6       0x32 MCAL/ADC/ADC_Prog.o
                0x000014a6                M_ADC_Void_ADCInit
 .text.M_ADC_U16_ADCRead
                0x000014d8       0x38 MCAL/ADC/ADC_Prog.o
                0x000014d8                M_ADC_U16_ADCRead
 .text.M_DIO_Void_SetPinDirection
                0x00001510      0x112 MCAL/DIO/DIO_Prog.o
                0x00001510                M_DIO_Void_SetPinDirection
 .text.M_DIO_Void_SetPinValue
                0x00001622      0x112 MCAL/DIO/DIO_Prog.o
                0x00001622                M_DIO_Void_SetPinValue
 .text.M_DIO_Void_GetPinValue
                0x00001734       0x88 MCAL/DIO/DIO_Prog.o
                0x00001734                M_DIO_Void_GetPinValue
 .text.M_DIO_Void_TogPin
                0x000017bc       0x94 MCAL/DIO/DIO_Prog.o
                0x000017bc                M_DIO_Void_TogPin
 .text.M_EEPROM_Void_WriteByte
                0x00001850       0x18 MCAL/EEPROM/EPPROM.o
                0x00001850                M_EEPROM_Void_WriteByte
 .text.M_EEPROM_Void_ReadByte
                0x00001868       0x12 MCAL/EEPROM/EPPROM.o
                0x00001868                M_EEPROM_Void_ReadByte
 .text.M_EXTINT_Void_EXTINTInit
                0x0000187a       0x44 MCAL/EXTINT/EXTINT_Prog.o
                0x0000187a                M_EXTINT_Void_EXTINTInit
 .text.M_EXTINT_Void_SetCallBack
                0x000018be       0x2a MCAL/EXTINT/EXTINT_Prog.o
                0x000018be                M_EXTINT_Void_SetCallBack
 .text.__vector_1
                0x000018e8       0x4e MCAL/EXTINT/EXTINT_Prog.o
                0x000018e8                __vector_1
 .text.__vector_2
                0x00001936       0x4e MCAL/EXTINT/EXTINT_Prog.o
                0x00001936                __vector_2
 .text.__vector_3
                0x00001984       0x4e MCAL/EXTINT/EXTINT_Prog.o
                0x00001984                __vector_3
 .text.M_Timer_Void_TimerInit
                0x000019d2       0x14 MCAL/TIMER/Timer_Prog.o
                0x000019d2                M_Timer_Void_TimerInit
 .text.M_Timer_Void_TimerSetTime
                0x000019e6       0x82 MCAL/TIMER/Timer_Prog.o
                0x000019e6                M_Timer_Void_TimerSetTime
 .text.M_Timer_Void_TimerStart
                0x00001a68       0x32 MCAL/TIMER/Timer_Prog.o
                0x00001a68                M_Timer_Void_TimerStart
 .text.M_Timer_Void_SetCallBack
                0x00001a9a        0xa MCAL/TIMER/Timer_Prog.o
                0x00001a9a                M_Timer_Void_SetCallBack
 .text.__vector_11
                0x00001aa4       0xa6 MCAL/TIMER/Timer_Prog.o
                0x00001aa4                __vector_11
 .text.libgcc.div
                0x00001b4a       0x28 c:/program files (x86)/atmel/studio/7.0/toolchain/avr8/avr8-gnu-toolchain/bin/../lib/gcc/avr/5.4.0/avr5\libgcc.a(_divmodhi4.o)
                0x00001b4a                _div
                0x00001b4a                __divmodhi4
 .text.libgcc.div
                0x00001b72       0x2e c:/program files (x86)/atmel/studio/7.0/toolchain/avr8/avr8-gnu-toolchain/bin/../lib/gcc/avr/5.4.0/avr5\libgcc.a(_divmodsi4.o)
                0x00001b72                __divmodsi4
 .text.libgcc.div
                0x00001ba0       0x10 c:/program files (x86)/atmel/studio/7.0/toolchain/avr8/avr8-gnu-toolchain/bin/../lib/gcc/avr/5.4.0/avr5\libgcc.a(_negsi2.o)
                0x00001ba0                __negsi2
 .text.libgcc   0x00001bb0        0xc c:/program files (x86)/atmel/studio/7.0/toolchain/avr8/avr8-gnu-toolchain/bin/../lib/gcc/avr/5.4.0/avr5\libgcc.a(_tablejump2.o)
                0x00001bb0                __tablejump2__
 .text.libgcc.mul
                0x00001bbc       0x16 c:/program files (x86)/atmel/studio/7.0/toolchain/avr8/avr8-gnu-toolchain/bin/../lib/gcc/avr/5.4.0/avr5\libgcc.a(_muluhisi3.o)
                0x00001bbc                __muluhisi3
 .text.libgcc.div
                0x00001bd2       0x28 c:/program files (x86)/atmel/studio/7.0/toolchain/avr8/avr8-gnu-toolchain/bin/../lib/gcc/avr/5.4.0/avr5\libgcc.a(_udivmodhi4.o)
                0x00001bd2                __udivmodhi4
 .text.libgcc.div
                0x00001bfa       0x44 c:/program files (x86)/atmel/studio/7.0/toolchain/avr8/avr8-gnu-toolchain/bin/../lib/gcc/avr/5.4.0/avr5\libgcc.a(_udivmodsi4.o)
                0x00001bfa                __udivmodsi4
 .text.libgcc.mul
                0x00001c3e       0x1e c:/program files (x86)/atmel/studio/7.0/toolchain/avr8/avr8-gnu-toolchain/bin/../lib/gcc/avr/5.4.0/avr5\libgcc.a(_umulhisi3.o)
                0x00001c3e                __umulhisi3
                0x00001c5c                . = ALIGN (0x2)
 *(.fini9)
 .fini9         0x00001c5c        0x0 c:/program files (x86)/atmel/studio/7.0/toolchain/avr8/avr8-gnu-toolchain/bin/../lib/gcc/avr/5.4.0/avr5\libgcc.a(_exit.o)
                0x00001c5c                _exit
                0x00001c5c                exit
 *(.fini9)
 *(.fini8)
 *(.fini8)
 *(.fini7)
 *(.fini7)
 *(.fini6)
 *(.fini6)
 *(.fini5)
 *(.fini5)
 *(.fini4)
 *(.fini4)
 *(.fini3)
 *(.fini3)
 *(.fini2)
 *(.fini2)
 *(.fini1)
 *(.fini1)
 *(.fini0)
 .fini0         0x00001c5c        0x4 c:/program files (x86)/atmel/studio/7.0/toolchain/avr8/avr8-gnu-toolchain/bin/../lib/gcc/avr/5.4.0/avr5\libgcc.a(_exit.o)
 *(.fini0)
                0x00001c60                _etext = .

.data           0x00800060      0x1fc load address 0x00001c60
                0x00800060                PROVIDE (__data_start, .)
 *(.data)
 *(.data*)
 .data.DASHBOARD_Clock_Hours
                0x00800060        0x1 APP/DASHBOARD_SYS_CLK_SETUP/DASHBOARD_System_Clock_Prog.o
                0x00800060                DASHBOARD_Clock_Hours
 .data.DASHBOARD_Clock_Minutes
                0x00800061        0x1 APP/DASHBOARD_SYS_CLK_SETUP/DASHBOARD_System_Clock_Prog.o
                0x00800061                DASHBOARD_Clock_Minutes
 .data.KM_COUNTER_LCD_DISPLAY
                0x00800062       0x14 APP/DASH_BOARD_DISPLAY_SETUP/APP_LCD.o
                0x00800062                KM_COUNTER_LCD_DISPLAY
 .data.TIME_LCD_DISPLAY
                0x00800076       0x14 APP/DASH_BOARD_DISPLAY_SETUP/APP_LCD.o
                0x00800076                TIME_LCD_DISPLAY
 .data.DATE_LCD_DISPLAY
                0x0080008a       0x14 APP/DASH_BOARD_DISPLAY_SETUP/APP_LCD.o
                0x0080008a                DATE_LCD_DISPLAY
 .data.LCD_PTR  0x0080009e        0x2 APP/DASH_BOARD_DISPLAY_SETUP/APP_LCD.o
                0x0080009e                LCD_PTR
 .data.LCD_DISPLAYS
                0x008000a0        0x4 APP/DASH_BOARD_DISPLAY_SETUP/APP_LCD.o
                0x008000a0                LCD_DISPLAYS
 .data.KM_H     0x008000a4        0x7 APP/DASH_BOARD_DISPLAY_SETUP/APP_LCD.o
                0x008000a4                KM_H
 .data.MOTOR_TEMP_DISPLAY
                0x008000ab        0xd APP/DASH_BOARD_DISPLAY_SETUP/APP_LCD.o
                0x008000ab                MOTOR_TEMP_DISPLAY
 .data.OIL_LEVEL_DISPLAY
                0x008000b8        0xc APP/DASH_BOARD_DISPLAY_SETUP/APP_LCD.o
                0x008000b8                OIL_LEVEL_DISPLAY
 .data.FUEL_LEVEL_DISPLAY
                0x008000c4        0xd APP/DASH_BOARD_DISPLAY_SETUP/APP_LCD.o
                0x008000c4                FUEL_LEVEL_DISPLAY
 .data.SCREEN_NUMBER_DISPLAY
                0x008000d1       0x50 APP/DASH_BOARD_DISPLAY_SETUP/APP_LCD.o
                0x008000d1                SCREEN_NUMBER_DISPLAY
 .data.DRIVER_MONITORING_STATUS_DISPLAY
                0x00800121       0x28 APP/DASH_BOARD_DISPLAY_SETUP/APP_LCD.o
                0x00800121                DRIVER_MONITORING_STATUS_DISPLAY
 .data.CURRENT_SPEED_DISPLAY
                0x00800149        0xb APP/DASH_BOARD_DISPLAY_SETUP/APP_LCD.o
                0x00800149                CURRENT_SPEED_DISPLAY
 .data.SPEED_LIM_DISPLAY
                0x00800154        0xc APP/DASH_BOARD_DISPLAY_SETUP/APP_LCD.o
                0x00800154                SPEED_LIM_DISPLAY
 .data.SPEED_LIMIT_STATUS_DISPLAY
                0x00800160       0x28 APP/DASH_BOARD_DISPLAY_SETUP/APP_LCD.o
                0x00800160                SPEED_LIMIT_STATUS_DISPLAY
 .data.BA_STATUS_FLAG
                0x00800188        0x1 APP/DASH_BOARD_DISPLAY_SETUP/APP_LCD.o
                0x00800188                BA_STATUS_FLAG
 .data.BRAKE_ASSIST_STATUS_DISPLAY
                0x00800189       0x28 APP/DASH_BOARD_DISPLAY_SETUP/APP_LCD.o
                0x00800189                BRAKE_ASSIST_STATUS_DISPLAY
 .data.CRUISE_STATUS_FLAG
                0x008001b1        0x1 APP/DASH_BOARD_DISPLAY_SETUP/APP_LCD.o
                0x008001b1                CRUISE_STATUS_FLAG
 .data.CRUISE_STATUS_DISPLAY
                0x008001b2       0x28 APP/DASH_BOARD_DISPLAY_SETUP/APP_LCD.o
                0x008001b2                CRUISE_STATUS_DISPLAY
 .data.GEARS_PTR
                0x008001da        0x2 APP/DASH_BOARD_DISPLAY_SETUP/APP_LCD.o
                0x008001da                GEARS_PTR
 .data.GEAR_STATES
                0x008001dc        0x3 APP/DASH_BOARD_DISPLAY_SETUP/APP_LCD.o
                0x008001dc                GEAR_STATES
 .data.GEAR_STATUS_DISPLAY
                0x008001df       0x3c APP/DASH_BOARD_DISPLAY_SETUP/APP_LCD.o
                0x008001df                GEAR_STATUS_DISPLAY
 .data.speed_limit
                0x0080021b        0x1 APP/DASH_BOARD_DISPLAY_SETUP/APP_LCD.o
                0x0080021b                speed_limit
 .data.SL_STATUS_FLAG
                0x0080021c        0x1 APP/SL_SYS_SETUP/SL.o
                0x0080021c                SL_STATUS_FLAG
 *(.gnu.linkonce.d*)
 *(.rodata)
 .rodata        0x0080021d        0x9 HAL/KEYPAD/Keypad_Prog.o
 *(.rodata*)
 .rodata.str1.1
                0x00800226       0x22 APP/DASH_BOARD_DISPLAY_SETUP/APP_LCD.o
 .rodata.str1.1
                0x00800248       0x14 APP/main.o
 *(.gnu.linkonce.r*)
                0x0080025c                . = ALIGN (0x2)
                0x0080025c                _edata = .
                0x0080025c                PROVIDE (__data_end, .)

.bss            0x0080025c       0x20
                0x0080025c                PROVIDE (__bss_start, .)
 *(.bss)
 *(.bss*)
 .bss.brake_flag
                0x0080025c        0x1 APP/CCS_SETUP/CSS.o
                0x0080025c                brake_flag
 .bss.Load_variables_time
                0x0080025d        0x1 APP/DASHBOARD_SYS_CLK_SETUP/DASHBOARD_System_Clock_Prog.o
                0x0080025d                Load_variables_time
 .bss.Warning_screen_flag
                0x0080025e        0x1 APP/DASHBOARD_SYS_CLK_SETUP/DASHBOARD_System_Clock_Prog.o
                0x0080025e                Warning_screen_flag
 .bss.DASHBOARD_Km_Counter
                0x0080025f        0x4 APP/DASHBOARD_SYS_CLK_SETUP/DASHBOARD_System_Clock_Prog.o
                0x0080025f                DASHBOARD_Km_Counter
 .bss.DASHBOARD_m_Counter
                0x00800263        0x4 APP/DASHBOARD_SYS_CLK_SETUP/DASHBOARD_System_Clock_Prog.o
                0x00800263                DASHBOARD_m_Counter
 .bss.DASHBOARD_Clock_Seconds
                0x00800267        0x1 APP/DASHBOARD_SYS_CLK_SETUP/DASHBOARD_System_Clock_Prog.o
                0x00800267                DASHBOARD_Clock_Seconds
 .bss.current_speed
                0x00800268        0x1 APP/DASH_BOARD_DISPLAY_SETUP/APP_LCD.o
                0x00800268                current_speed
 .bss.Inactive_counter
                0x00800269        0x1 APP/DIVER_MON_SYS_SETUP/DRIV_MONITORING.o
                0x00800269                Inactive_counter
 .bss.Driv_monitoring_status_flag
                0x0080026a        0x1 APP/DIVER_MON_SYS_SETUP/DRIV_MONITORING.o
                0x0080026a                Driv_monitoring_status_flag
 .bss.Local_U32_Counter.1702
                0x0080026b        0x4 MCAL/TIMER/Timer_Prog.o
 .bss.Timer_U8_RemTicks
                0x0080026f        0x1 MCAL/TIMER/Timer_Prog.o
                0x0080026f                Timer_U8_RemTicks
 .bss.Timer_U32_NumOfOV
                0x00800270        0x4 MCAL/TIMER/Timer_Prog.o
                0x00800270                Timer_U32_NumOfOV
 *(COMMON)
 COMMON         0x00800274        0x6 MCAL/EXTINT/EXTINT_Prog.o
                0x00800274                ExtInt1_CallBack
                0x00800276                ExtInt2_CallBack
                0x00800278                ExtInt0_CallBack
 COMMON         0x0080027a        0x2 MCAL/TIMER/Timer_Prog.o
                0x0080027a                Timer_CallBack
                0x0080027c                PROVIDE (__bss_end, .)
                0x00001c60                __data_load_start = LOADADDR (.data)
                0x00001e5c                __data_load_end = (__data_load_start + SIZEOF (.data))

.noinit         0x0080027c        0x0
                [!provide]                PROVIDE (__noinit_start, .)
 *(.noinit*)
                [!provide]                PROVIDE (__noinit_end, .)
                0x0080027c                _end = .
                [!provide]                PROVIDE (__heap_start, .)

.eeprom         0x00810000        0x0
 *(.eeprom*)
                0x00810000                __eeprom_end = .

.fuse
 *(.fuse)
 *(.lfuse)
 *(.hfuse)
 *(.efuse)

.lock
 *(.lock*)

.signature
 *(.signature*)

.user_signatures
 *(.user_signatures*)

.stab
 *(.stab)

.stabstr
 *(.stabstr)

.stab.excl
 *(.stab.excl)

.stab.exclstr
 *(.stab.exclstr)

.stab.index
 *(.stab.index)

.stab.indexstr
 *(.stab.indexstr)

.comment        0x00000000       0x30
 *(.comment)
 .comment       0x00000000       0x30 APP/CCS_SETUP/CSS.o
                                 0x31 (size before relaxing)
 .comment       0x00000030       0x31 APP/DASHBOARD_SYS_CLK_SETUP/DASHBOARD_System_Clock_Prog.o
 .comment       0x00000030       0x31 APP/DASH_BOARD_DISPLAY_SETUP/APP_LCD.o
 .comment       0x00000030       0x31 APP/DIVER_MON_SYS_SETUP/DRIV_MONITORING.o
 .comment       0x00000030       0x31 APP/LOAD_TO_EEPROM/APP_SAVE_TO_EEPROM.o
 .comment       0x00000030       0x31 APP/main.o
 .comment       0x00000030       0x31 APP/SL_SYS_SETUP/SL.o
 .comment       0x00000030       0x31 HAL/BUZZER/Buzzer_Prog.o
 .comment       0x00000030       0x31 HAL/KEYPAD/Keypad_Prog.o
 .comment       0x00000030       0x31 HAL/LCD/LCD_Prog.o
 .comment       0x00000030       0x31 HAL/LED/LED_Prog.o
 .comment       0x00000030       0x31 HAL/PUSH_PUTTON/PushButton_Prog.o
 .comment       0x00000030       0x31 HAL/RELAY/Relay.o
 .comment       0x00000030       0x31 MCAL/ADC/ADC_Prog.o
 .comment       0x00000030       0x31 MCAL/DIO/DIO_Prog.o
 .comment       0x00000030       0x31 MCAL/EEPROM/EPPROM.o
 .comment       0x00000030       0x31 MCAL/EXTINT/EXTINT_Prog.o
 .comment       0x00000030       0x31 MCAL/TIMER/Timer_Prog.o

.note.gnu.avr.deviceinfo
                0x00000000       0x3c
 .note.gnu.avr.deviceinfo
                0x00000000       0x3c C:/Program Files (x86)/Atmel/Studio/7.0/Packs/atmel/ATmega_DFP/1.7.374/gcc/dev/atmega32/avr5/crtatmega32.o

.note.gnu.build-id
 *(.note.gnu.build-id)

.debug
 *(.debug)

.line
 *(.line)

.debug_srcinfo
 *(.debug_srcinfo)

.debug_sfnames
 *(.debug_sfnames)

.debug_aranges  0x00000000      0x470
 *(.debug_aranges)
 .debug_aranges
                0x00000000       0x38 APP/CCS_SETUP/CSS.o
 .debug_aranges
                0x00000038       0x30 APP/DASHBOARD_SYS_CLK_SETUP/DASHBOARD_System_Clock_Prog.o
 .debug_aranges
                0x00000068       0xd8 APP/DASH_BOARD_DISPLAY_SETUP/APP_LCD.o
 .debug_aranges
                0x00000140       0x20 APP/DIVER_MON_SYS_SETUP/DRIV_MONITORING.o
 .debug_aranges
                0x00000160       0x38 APP/LOAD_TO_EEPROM/APP_SAVE_TO_EEPROM.o
 .debug_aranges
                0x00000198       0x20 APP/main.o
 .debug_aranges
                0x000001b8       0x28 APP/SL_SYS_SETUP/SL.o
 .debug_aranges
                0x000001e0       0x48 HAL/BUZZER/Buzzer_Prog.o
 .debug_aranges
                0x00000228       0x28 HAL/KEYPAD/Keypad_Prog.o
 .debug_aranges
                0x00000250       0x50 HAL/LCD/LCD_Prog.o
 .debug_aranges
                0x000002a0       0x40 HAL/LED/LED_Prog.o
 .debug_aranges
                0x000002e0       0x28 HAL/PUSH_PUTTON/PushButton_Prog.o
 .debug_aranges
                0x00000308       0x30 HAL/RELAY/Relay.o
 .debug_aranges
                0x00000338       0x28 MCAL/ADC/ADC_Prog.o
 .debug_aranges
                0x00000360       0x40 MCAL/DIO/DIO_Prog.o
 .debug_aranges
                0x000003a0       0x28 MCAL/EEPROM/EPPROM.o
 .debug_aranges
                0x000003c8       0x40 MCAL/EXTINT/EXTINT_Prog.o
 .debug_aranges
                0x00000408       0x68 MCAL/TIMER/Timer_Prog.o

.debug_pubnames
 *(.debug_pubnames)

.debug_info     0x00000000     0x43b2
 *(.debug_info .gnu.linkonce.wi.*)
 .debug_info    0x00000000      0x4e6 C:/Program Files (x86)/Atmel/Studio/7.0/Packs/atmel/ATmega_DFP/1.7.374/gcc/dev/atmega32/avr5/crtatmega32.o
 .debug_info    0x000004e6      0x2e8 APP/CCS_SETUP/CSS.o
 .debug_info    0x000007ce      0x247 APP/DASHBOARD_SYS_CLK_SETUP/DASHBOARD_System_Clock_Prog.o
 .debug_info    0x00000a15     0x114d APP/DASH_BOARD_DISPLAY_SETUP/APP_LCD.o
 .debug_info    0x00001b62       0xa6 APP/DIVER_MON_SYS_SETUP/DRIV_MONITORING.o
 .debug_info    0x00001c08      0x28f APP/LOAD_TO_EEPROM/APP_SAVE_TO_EEPROM.o
 .debug_info    0x00001e97      0x40f APP/main.o
 .debug_info    0x000022a6      0x115 APP/SL_SYS_SETUP/SL.o
 .debug_info    0x000023bb      0x34c HAL/BUZZER/Buzzer_Prog.o
 .debug_info    0x00002707      0x337 HAL/KEYPAD/Keypad_Prog.o
 .debug_info    0x00002a3e      0x846 HAL/LCD/LCD_Prog.o
 .debug_info    0x00003284      0x4c1 HAL/LED/LED_Prog.o
 .debug_info    0x00003745      0x32d HAL/PUSH_PUTTON/PushButton_Prog.o
 .debug_info    0x00003a72      0x114 HAL/RELAY/Relay.o
 .debug_info    0x00003b86       0xd1 MCAL/ADC/ADC_Prog.o
 .debug_info    0x00003c57      0x1fa MCAL/DIO/DIO_Prog.o
 .debug_info    0x00003e51       0xd8 MCAL/EEPROM/EPPROM.o
 .debug_info    0x00003f29      0x16c MCAL/EXTINT/EXTINT_Prog.o
 .debug_info    0x00004095      0x31d MCAL/TIMER/Timer_Prog.o

.debug_abbrev   0x00000000     0x1408
 *(.debug_abbrev)
 .debug_abbrev  0x00000000      0x4a3 C:/Program Files (x86)/Atmel/Studio/7.0/Packs/atmel/ATmega_DFP/1.7.374/gcc/dev/atmega32/avr5/crtatmega32.o
 .debug_abbrev  0x000004a3       0xa5 APP/CCS_SETUP/CSS.o
 .debug_abbrev  0x00000548       0xb3 APP/DASHBOARD_SYS_CLK_SETUP/DASHBOARD_System_Clock_Prog.o
 .debug_abbrev  0x000005fb      0x198 APP/DASH_BOARD_DISPLAY_SETUP/APP_LCD.o
 .debug_abbrev  0x00000793       0x57 APP/DIVER_MON_SYS_SETUP/DRIV_MONITORING.o
 .debug_abbrev  0x000007ea       0xc3 APP/LOAD_TO_EEPROM/APP_SAVE_TO_EEPROM.o
 .debug_abbrev  0x000008ad       0xb7 APP/main.o
 .debug_abbrev  0x00000964       0xc3 APP/SL_SYS_SETUP/SL.o
 .debug_abbrev  0x00000a27       0xf1 HAL/BUZZER/Buzzer_Prog.o
 .debug_abbrev  0x00000b18      0x14a HAL/KEYPAD/Keypad_Prog.o
 .debug_abbrev  0x00000c62      0x16b HAL/LCD/LCD_Prog.o
 .debug_abbrev  0x00000dcd      0x10d HAL/LED/LED_Prog.o
 .debug_abbrev  0x00000eda      0x138 HAL/PUSH_PUTTON/PushButton_Prog.o
 .debug_abbrev  0x00001012       0x64 HAL/RELAY/Relay.o
 .debug_abbrev  0x00001076       0x7e MCAL/ADC/ADC_Prog.o
 .debug_abbrev  0x000010f4       0xb8 MCAL/DIO/DIO_Prog.o
 .debug_abbrev  0x000011ac       0x80 MCAL/EEPROM/EPPROM.o
 .debug_abbrev  0x0000122c       0xaa MCAL/EXTINT/EXTINT_Prog.o
 .debug_abbrev  0x000012d6      0x132 MCAL/TIMER/Timer_Prog.o

.debug_line     0x00000000     0x28e2
 *(.debug_line .debug_line.* .debug_line_end)
 .debug_line    0x00000000      0x116 C:/Program Files (x86)/Atmel/Studio/7.0/Packs/atmel/ATmega_DFP/1.7.374/gcc/dev/atmega32/avr5/crtatmega32.o
 .debug_line    0x00000116      0x23a APP/CCS_SETUP/CSS.o
 .debug_line    0x00000350      0x246 APP/DASHBOARD_SYS_CLK_SETUP/DASHBOARD_System_Clock_Prog.o
 .debug_line    0x00000596      0x81a APP/DASH_BOARD_DISPLAY_SETUP/APP_LCD.o
 .debug_line    0x00000db0       0x7e APP/DIVER_MON_SYS_SETUP/DRIV_MONITORING.o
 .debug_line    0x00000e2e      0x1fe APP/LOAD_TO_EEPROM/APP_SAVE_TO_EEPROM.o
 .debug_line    0x0000102c      0x4a7 APP/main.o
 .debug_line    0x000014d3       0xc1 APP/SL_SYS_SETUP/SL.o
 .debug_line    0x00001594      0x1ec HAL/BUZZER/Buzzer_Prog.o
 .debug_line    0x00001780      0x218 HAL/KEYPAD/Keypad_Prog.o
 .debug_line    0x00001998      0x37e HAL/LCD/LCD_Prog.o
 .debug_line    0x00001d16      0x267 HAL/LED/LED_Prog.o
 .debug_line    0x00001f7d      0x221 HAL/PUSH_PUTTON/PushButton_Prog.o
 .debug_line    0x0000219e       0x91 HAL/RELAY/Relay.o
 .debug_line    0x0000222f       0xcc MCAL/ADC/ADC_Prog.o
 .debug_line    0x000022fb      0x1dd MCAL/DIO/DIO_Prog.o
 .debug_line    0x000024d8       0xaf MCAL/EEPROM/EPPROM.o
 .debug_line    0x00002587      0x11e MCAL/EXTINT/EXTINT_Prog.o
 .debug_line    0x000026a5      0x23d MCAL/TIMER/Timer_Prog.o

.debug_frame    0x00000000      0x938
 *(.debug_frame)
 .debug_frame   0x00000000       0x54 APP/CCS_SETUP/CSS.o
 .debug_frame   0x00000054       0x44 APP/DASHBOARD_SYS_CLK_SETUP/DASHBOARD_System_Clock_Prog.o
 .debug_frame   0x00000098      0x1d0 APP/DASH_BOARD_DISPLAY_SETUP/APP_LCD.o
 .debug_frame   0x00000268       0x24 APP/DIVER_MON_SYS_SETUP/DRIV_MONITORING.o
 .debug_frame   0x0000028c       0x8c APP/LOAD_TO_EEPROM/APP_SAVE_TO_EEPROM.o
 .debug_frame   0x00000318       0x24 APP/main.o
 .debug_frame   0x0000033c       0x34 APP/SL_SYS_SETUP/SL.o
 .debug_frame   0x00000370       0x74 HAL/BUZZER/Buzzer_Prog.o
 .debug_frame   0x000003e4       0x74 HAL/KEYPAD/Keypad_Prog.o
 .debug_frame   0x00000458       0xe0 HAL/LCD/LCD_Prog.o
 .debug_frame   0x00000538       0x64 HAL/LED/LED_Prog.o
 .debug_frame   0x0000059c       0x34 HAL/PUSH_PUTTON/PushButton_Prog.o
 .debug_frame   0x000005d0       0x44 HAL/RELAY/Relay.o
 .debug_frame   0x00000614       0x34 MCAL/ADC/ADC_Prog.o
 .debug_frame   0x00000648       0x64 MCAL/DIO/DIO_Prog.o
 .debug_frame   0x000006ac       0x34 MCAL/EEPROM/EPPROM.o
 .debug_frame   0x000006e0      0x13c MCAL/EXTINT/EXTINT_Prog.o
 .debug_frame   0x0000081c      0x11c MCAL/TIMER/Timer_Prog.o

.debug_str      0x00000000     0x12aa
 *(.debug_str)
 .debug_str     0x00000000      0x196 C:/Program Files (x86)/Atmel/Studio/7.0/Packs/atmel/ATmega_DFP/1.7.374/gcc/dev/atmega32/avr5/crtatmega32.o
 .debug_str     0x00000196      0x32f APP/CCS_SETUP/CSS.o
                                0x363 (size before relaxing)
 .debug_str     0x000004c5      0x1e2 APP/DASHBOARD_SYS_CLK_SETUP/DASHBOARD_System_Clock_Prog.o
                                0x36d (size before relaxing)
 .debug_str     0x000006a7      0x4af APP/DASH_BOARD_DISPLAY_SETUP/APP_LCD.o
                                0x758 (size before relaxing)
 .debug_str     0x00000b56       0x4f APP/DIVER_MON_SYS_SETUP/DRIV_MONITORING.o
                                0x1c9 (size before relaxing)
 .debug_str     0x00000ba5       0x97 APP/LOAD_TO_EEPROM/APP_SAVE_TO_EEPROM.o
                                0x2be (size before relaxing)
 .debug_str     0x00000c3c       0xaa APP/main.o
                                0x4a8 (size before relaxing)
 .debug_str     0x00000ce6       0x48 APP/SL_SYS_SETUP/SL.o
                                0x1f7 (size before relaxing)
 .debug_str     0x00000d2e       0xb9 HAL/BUZZER/Buzzer_Prog.o
                                0x2b6 (size before relaxing)
 .debug_str     0x00000de7       0xaf HAL/KEYPAD/Keypad_Prog.o
                                0x2dd (size before relaxing)
 .debug_str     0x00000e96       0xb6 HAL/LCD/LCD_Prog.o
                                0x33f (size before relaxing)
 .debug_str     0x00000f4c       0x48 HAL/LED/LED_Prog.o
                                0x285 (size before relaxing)
 .debug_str     0x00000f94       0x57 HAL/PUSH_PUTTON/PushButton_Prog.o
                                0x27e (size before relaxing)
 .debug_str     0x00000feb       0x15 HAL/RELAY/Relay.o
                                0x1cb (size before relaxing)
 .debug_str     0x00001000       0x3c MCAL/ADC/ADC_Prog.o
                                0x1ae (size before relaxing)
 .debug_str     0x0000103c       0x6b MCAL/DIO/DIO_Prog.o
                                0x224 (size before relaxing)
 .debug_str     0x000010a7       0x25 MCAL/EEPROM/EPPROM.o
                                0x1a1 (size before relaxing)
 .debug_str     0x000010cc       0x90 MCAL/EXTINT/EXTINT_Prog.o
                                0x242 (size before relaxing)
 .debug_str     0x0000115c      0x14e MCAL/TIMER/Timer_Prog.o
                                0x35c (size before relaxing)

.debug_loc      0x00000000     0x1a07
 *(.debug_loc)
 .debug_loc     0x00000000      0x27a APP/DASH_BOARD_DISPLAY_SETUP/APP_LCD.o
 .debug_loc     0x0000027a      0x185 APP/LOAD_TO_EEPROM/APP_SAVE_TO_EEPROM.o
 .debug_loc     0x000003ff       0x60 APP/main.o
 .debug_loc     0x0000045f       0x13 APP/SL_SYS_SETUP/SL.o
 .debug_loc     0x00000472      0x120 HAL/BUZZER/Buzzer_Prog.o
 .debug_loc     0x00000592      0x1a4 HAL/KEYPAD/Keypad_Prog.o
 .debug_loc     0x00000736      0x4dc HAL/LCD/LCD_Prog.o
 .debug_loc     0x00000c12      0x33c HAL/LED/LED_Prog.o
 .debug_loc     0x00000f4e      0x228 HAL/PUSH_PUTTON/PushButton_Prog.o
 .debug_loc     0x00001176       0x4b MCAL/ADC/ADC_Prog.o
 .debug_loc     0x000011c1      0x27a MCAL/DIO/DIO_Prog.o
 .debug_loc     0x0000143b       0x4c MCAL/EEPROM/EPPROM.o
 .debug_loc     0x00001487      0x2b4 MCAL/EXTINT/EXTINT_Prog.o
 .debug_loc     0x0000173b      0x2cc MCAL/TIMER/Timer_Prog.o

.debug_macinfo
 *(.debug_macinfo)

.debug_weaknames
 *(.debug_weaknames)

.debug_funcnames
 *(.debug_funcnames)

.debug_typenames
 *(.debug_typenames)

.debug_varnames
 *(.debug_varnames)

.debug_pubtypes
 *(.debug_pubtypes)

.debug_ranges   0x00000000      0x350
 *(.debug_ranges)
 .debug_ranges  0x00000000       0x28 APP/CCS_SETUP/CSS.o
 .debug_ranges  0x00000028       0x20 APP/DASHBOARD_SYS_CLK_SETUP/DASHBOARD_System_Clock_Prog.o
 .debug_ranges  0x00000048       0xc8 APP/DASH_BOARD_DISPLAY_SETUP/APP_LCD.o
 .debug_ranges  0x00000110       0x10 APP/DIVER_MON_SYS_SETUP/DRIV_MONITORING.o
 .debug_ranges  0x00000120       0x28 APP/LOAD_TO_EEPROM/APP_SAVE_TO_EEPROM.o
 .debug_ranges  0x00000148       0x10 APP/main.o
 .debug_ranges  0x00000158       0x18 APP/SL_SYS_SETUP/SL.o
 .debug_ranges  0x00000170       0x38 HAL/BUZZER/Buzzer_Prog.o
 .debug_ranges  0x000001a8       0x18 HAL/KEYPAD/Keypad_Prog.o
 .debug_ranges  0x000001c0       0x40 HAL/LCD/LCD_Prog.o
 .debug_ranges  0x00000200       0x30 HAL/LED/LED_Prog.o
 .debug_ranges  0x00000230       0x18 HAL/PUSH_PUTTON/PushButton_Prog.o
 .debug_ranges  0x00000248       0x20 HAL/RELAY/Relay.o
 .debug_ranges  0x00000268       0x18 MCAL/ADC/ADC_Prog.o
 .debug_ranges  0x00000280       0x30 MCAL/DIO/DIO_Prog.o
 .debug_ranges  0x000002b0       0x18 MCAL/EEPROM/EPPROM.o
 .debug_ranges  0x000002c8       0x30 MCAL/EXTINT/EXTINT_Prog.o
 .debug_ranges  0x000002f8       0x58 MCAL/TIMER/Timer_Prog.o

.debug_macro
 *(.debug_macro)
OUTPUT(CCR5V5.1.elf elf32-avr)
LOAD linker stubs
